test: __audio__ audio/playback_auto
success: __audio__ audio/playback_auto
test: __audio__ audio/playback_auto
success: __audio__ audio/playback_auto
test: __audio__ audio/alsa_record_playback_internal
success: __audio__ audio/alsa_record_playback_internal [
 Playing WAVE '/tmp/tmp.dzXhR9JfEb/test.wav' : Signed 32 bit Little Endian, Rate 44100 Hz, Stereo
]
test: __audio__ audio/alsa_record_playback_internal
success: __audio__ audio/alsa_record_playback_internal
test: __audio__ audio/alsa_record_playback_external
success: __audio__ audio/alsa_record_playback_external [
 Playing WAVE '/tmp/tmp.ZJ45jr633X/test.wav' : Signed 32 bit Little Endian, Rate 44100 Hz, Stereo
]
test: __audio__ audio/alsa_record_playback_external
success: __audio__ audio/alsa_record_playback_external [
 Playing WAVE '/tmp/tmp.9DqXrbQdPL/test.wav' : Signed 32 bit Little Endian, Rate 44100 Hz, Stereo
]
test: __audio__ audio/alsa_record_playback_external
success: __audio__ audio/alsa_record_playback_external
test: __audio__ audio/alsa_record_playback_usb
skip: __audio__ audio/alsa_record_playback_usb
test: __audio__ audio/alsa_record_playback_external
success: __audio__ audio/alsa_record_playback_external [
 Playing WAVE '/tmp/tmp.iNic2bg2LJ/test.wav' : Signed 32 bit Little Endian, Rate 44100 Hz, Stereo
]
test: __audio__ audio/alsa_record_playback_external
success: __audio__ audio/alsa_record_playback_external
test: __audio__ audio/alsa_record_playback_usb
success: __audio__ audio/alsa_record_playback_usb [
 Playing WAVE '/tmp/tmp.06ymPumQR1/test.wav' : Signed 32 bit Little Endian, Rate 44100 Hz, Stereo
]
test: __audio__ audio/alsa_record_playback_usb
success: __audio__ audio/alsa_record_playback_usb [
 Playing WAVE '/tmp/tmp.5JhYJKgUGe/test.wav' : Signed 32 bit Little Endian, Rate 44100 Hz, Stereo
]
test: __audio__ audio/alsa_record_playback_usb
success: __audio__ audio/alsa_record_playback_usb
test: __bluetooth__ bluetooth/detect
success: __bluetooth__ bluetooth/detect [
 50:63:13:ED:D0:73
]
test: __bluetooth__ bluetooth/detect-output
success: __bluetooth__ bluetooth/detect-output [
 50:63:13:ED:D0:73
]
test: __camera__ camera/video
success: __camera__ camera/video
test: __camera__ camera/video
success: __camera__ camera/video
test: __cpu__ cpu/clocktest
success: __cpu__ cpu/clocktest [
 Testing for clock jitter on 4 cpus
 PASSED, largest jitter seen was 0.005119
 clock direction test: start time 1323414069, stop time 1323414129, sleeptime 60, delta 0
 PASSED
]
test: __cpu__ cpu/topology
success: __cpu__ cpu/topology [
 cpu0:	Physical ID: 0	Core ID: 0
 cpu1:	Physical ID: 0	Core ID: 0
 cpu2:	Physical ID: 0	Core ID: 2
 cpu3:	Physical ID: 0	Core ID: 2
]
test: __disk__ disk/detect
success: __disk__ disk/detect [
 TOSHIBA THNS128G
]
test: disk/benchmarks disk/benchmark_sda
success: disk/benchmarks disk/benchmark_sda [
 /dev/sda:
  Timing cached reads = 2790.48 MB/sec
  Timing buffered disk reads = 176.79 MB/sec
]
test: __firewire__ firewire/hdd
skip: __firewire__ firewire/hdd
test: __graphics__ graphics/resolution
success: __graphics__ graphics/resolution [
 Monitor 1:
   1366 x 768
]
test: __graphics__ graphics/resolution
success: __graphics__ graphics/resolution
test: __graphics__ graphics/minimum_resolution
success: __graphics__ graphics/minimum_resolution
test: __graphics__ graphics/display
success: __graphics__ graphics/display
test: __graphics__ graphics/display
success: __graphics__ graphics/display
test: __graphics__ graphics/xrandr_detect_modes
success: __graphics__ graphics/xrandr_detect_modes [
 Screen 0: minimum 320 x 175, current 1366 x 768, maximum 1366 x 768
 default connected 1366x768+0+0 0mm x 0mm
    1366x768       50.0*    51.0  
    1360x768       52.0  
    1024x768       53.0     54.0     55.0     56.0  
    960x600        57.0  
    960x540        58.0  
    840x525        59.0     60.0  
    832x624        61.0  
    800x600        62.0     63.0     64.0     65.0     66.0  
    800x512        67.0  
    720x450        68.0  
    720x400        69.0  
    700x525        70.0     71.0     72.0  
    680x384        73.0     74.0  
    640x512        75.0     76.0     77.0  
    640x480        78.0     79.0     80.0     81.0     82.0     83.0  
    640x400        84.0  
    640x350        85.0  
    576x432        86.0     87.0     88.0     89.0     90.0     91.0     92.0  
    512x384        93.0     94.0     95.0     96.0     97.0  
    416x312        98.0  
    400x300        99.0    100.0    101.0    102.0    103.0  
    360x200       104.0  
    320x240       105.0    106.0    107.0    108.0  
    320x200       109.0  
    320x175       110.0
]
test: __graphics__ graphics/xrandr_detect_modes
success: __graphics__ graphics/xrandr_detect_modes
test: __graphics__ graphics/compiz_check
success: __graphics__ graphics/compiz_check [
 Gathering information about your system...
 
  Distribution:          Ubuntu 11.10
  Desktop environment:   GNOME
  Graphics chip:         nVidia Corporation GT218 [GeForce 310M] (rev a2)
  Driver in use:         nouveau
  Rendering method:      Nvidia
 
 Checking if it's possible to run Compiz on your system...
 
  Checking for texture_from_pixmap...               [SKIP]
  Checking for non power of two support...          [SKIP]
  Checking for composite extension...               [ OK ]
  Checking for FBConfig...                          [SKIP]
  Checking for hardware/setup problems...           [WARN]
 
 Something potential problematic has been detected with your setup:
  Warning: Detected driver is not on the whitelist. 
 
 Would you like to know more? (Y/n)
]
test: __info__ info/codecs_attachment
success: __info__ info/codecs_attachment [
 Codec: Realtek ALC275
 Address: 0
 AFG Function Id: 0x1 (unsol 1)
 Vendor Id: 0x10ec0275
 Subsystem Id: 0x104d4100
 Revision Id: 0x100005
 No Modem Function Group found
 Default PCM:
     rates [0x5f0]: 32000 44100 48000 88200 96000 192000
     bits [0xe]: 16 20 24
     formats [0x1]: PCM
 Default Amp-In caps: N/A
 Default Amp-Out caps: N/A
 GPIO: io=4, o=0, i=0, unsolicited=1, wake=1
   IO[0]: enable=0, dir=0, wake=0, sticky=0, data=0, unsol=0
   IO[1]: enable=0, dir=0, wake=0, sticky=0, data=0, unsol=0
   IO[2]: enable=0, dir=0, wake=0, sticky=0, data=0, unsol=0
   IO[3]: enable=0, dir=0, wake=0, sticky=0, data=0, unsol=0
 Node 0x02 [Audio Output] wcaps 0x41d: Stereo Amp-Out
   Control: name="Speaker Playback Volume", index=0, device=0
     ControlAmp: chs=3, dir=Out, idx=0, ofs=0
   Device: name="ALC275 Analog", type="Audio", device=0
   Amp-Out caps: ofs=0x3f, nsteps=0x40, stepsize=0x03, mute=0
   Amp-Out vals:  [0x37 0x37]
   Converter: stream=5, channel=0
   PCM:
     rates [0x560]: 44100 48000 96000 192000
     bits [0xe]: 16 20 24
     formats [0x1]: PCM
   Power states:  D0 D1 D2 D3 EPSS
   Power: setting=D0, actual=D0
 Node 0x03 [Audio Output] wcaps 0x41d: Stereo Amp-Out
   Control: name="Headphone Playback Volume", index=0, device=0
     ControlAmp: chs=3, dir=Out, idx=0, ofs=0
   Amp-Out caps: ofs=0x3f, nsteps=0x40, stepsize=0x03, mute=0
   Amp-Out vals:  [0x37 0x37]
   Converter: stream=5, channel=0
   PCM:
     rates [0x560]: 44100 48000 96000 192000
     bits [0xe]: 16 20 24
     formats [0x1]: PCM
   Power states:  D0 D1 D2 D3 EPSS
   Power: setting=D0, actual=D0
 Node 0x04 [Vendor Defined Widget] wcaps 0xf00000: Mono
 Node 0x05 [Vendor Defined Widget] wcaps 0xf00000: Mono
 Node 0x06 [Audio Output] wcaps 0x611: Stereo Digital
   Converter: stream=0, channel=0
   Digital:
   Digital category: 0x0
   PCM:
     rates [0x5f0]: 32000 44100 48000 88200 96000 192000
     bits [0xe]: 16 20 24
     formats [0x1]: PCM
   Power states:  D0 D1 D2 D3 EPSS
   Power: setting=D0, actual=D0
 Node 0x07 [Audio Input] wcaps 0x10051b: Stereo Amp-In
   Amp-In caps: ofs=0x11, nsteps=0x2e, stepsize=0x03, mute=1
   Amp-In vals:  [0x90 0x90]
   Converter: stream=0, channel=0
   SDI-Select: 0
   PCM:
     rates [0x160]: 44100 48000 96000
     bits [0xe]: 16 20 24
     formats [0x1]: PCM
   Power states:  D0 D1 D2 D3 EPSS
   Power: setting=D0, actual=D0
   Connection: 1
      0x24
 Node 0x08 [Audio Input] wcaps 0x10051b: Stereo Amp-In
   Amp-In caps: ofs=0x11, nsteps=0x2e, stepsize=0x03, mute=1
   Amp-In vals:  [0x2d 0x2d]
   Converter: stream=1, channel=0
   SDI-Select: 0
   PCM:
     rates [0x160]: 44100 48000 96000
     bits [0xe]: 16 20 24
     formats [0x1]: PCM
   Power states:  D0 D1 D2 D3 EPSS
   Power: setting=D0, actual=D0
   Connection: 1
      0x23
 Node 0x09 [Vendor Defined Widget] wcaps 0xf00000: Mono
 Node 0x0a [Vendor Defined Widget] wcaps 0xf00000: Mono
 Node 0x0b [Audio Mixer] wcaps 0x20010b: Stereo Amp-In
   Control: name="Beep Playback Volume", index=0, device=0
     ControlAmp: chs=3, dir=In, idx=4, ofs=0
   Control: name="Beep Playback Switch", index=0, device=0
     ControlAmp: chs=3, dir=In, idx=4, ofs=0
   Amp-In caps: ofs=0x17, nsteps=0x1f, stepsize=0x05, mute=1
   Amp-In vals:  [0x97 0x97] [0x97 0x97] [0x97 0x97] [0x97 0x97] [0x97 0x97]
   Connection: 5
      0x18 0x19 0x1a 0x1b 0x1d
 Node 0x0c [Audio Mixer] wcaps 0x20010b: Stereo Amp-In
   Amp-In caps: ofs=0x00, nsteps=0x00, stepsize=0x00, mute=1
   Amp-In vals:  [0x00 0x00] [0x00 0x00]
   Connection: 2
      0x02 0x0b
 Node 0x0d [Audio Mixer] wcaps 0x20010b: Stereo Amp-In
   Amp-In caps: ofs=0x00, nsteps=0x00, stepsize=0x00, mute=1
   Amp-In vals:  [0x00 0x00] [0x00 0x00]
   Connection: 2
      0x03 0x0b
 Node 0x0e [Audio Mixer] wcaps 0x20010a: Mono Amp-In
   Amp-In caps: ofs=0x00, nsteps=0x00, stepsize=0x00, mute=1
   Amp-In vals:  [0x00] [0x00]
   Connection: 2
      0x0c 0x0d
 Node 0x0f [Vendor Defined Widget] wcaps 0xf00000: Mono
 Node 0x10 [Vendor Defined Widget] wcaps 0xf00000: Mono
 Node 0x11 [Audio Input] wcaps 0x10051b: Stereo Amp-In
   Control: name="Capture Switch", index=0, device=0
   Control: name="Capture Volume", index=0, device=0
   Device: name="ALC275 Analog", type="Audio", device=0
   Amp-In caps: ofs=0x11, nsteps=0x2e, stepsize=0x03, mute=1
   Amp-In vals:  [0x2d 0x2d]
   Converter: stream=0, channel=0
   SDI-Select: 0
   PCM:
     rates [0x160]: 44100 48000 96000
     bits [0xe]: 16 20 24
     formats [0x1]: PCM
   Power states:  D0 D1 D2 D3 EPSS
   Power: setting=D0, actual=D0
   Connection: 1
      0x22
 Node 0x12 [Pin Complex] wcaps 0x40040b: Stereo Amp-In
   Control: name="Internal Mic Boost Volume", index=0, device=0
     ControlAmp: chs=3, dir=In, idx=0, ofs=0
   Amp-In caps: ofs=0x00, nsteps=0x03, stepsize=0x27, mute=0
   Amp-In vals:  [0x03 0x03]
   Pincap 0x00000020: IN
   Pin Default 0x99a30930: [Fixed] Mic at Int ATAPI
     Conn = ATAPI, Color = Unknown
     DefAssociation = 0x3, Sequence = 0x0
     Misc = NO_PRESENCE
   Pin-ctls: 0x20: IN
   Power states:  D0 D1 D2 D3 EPSS
   Power: setting=D0, actual=D0
 Node 0x13 [Pin Complex] wcaps 0x40040b: Stereo Amp-In
   Amp-In caps: ofs=0x00, nsteps=0x03, stepsize=0x27, mute=0
   Amp-In vals:  [0x00 0x00]
   Pincap 0x00000020: IN
   Pin Default 0x411111f0: [N/A] Speaker at Ext Rear
     Conn = 1/8, Color = Black
     DefAssociation = 0xf, Sequence = 0x0
     Misc = NO_PRESENCE
   Pin-ctls: 0x00:
   Power states:  D0 D1 D2 D3 EPSS
   Power: setting=D0, actual=D0
 Node 0x14 [Pin Complex] wcaps 0x40050d: Stereo Amp-Out
   Control: name="Speaker Playback Switch", index=0, device=0
     ControlAmp: chs=3, dir=Out, idx=0, ofs=0
   Amp-Out caps: ofs=0x00, nsteps=0x00, stepsize=0x00, mute=1
   Amp-Out vals:  [0x00 0x00]
   Pincap 0x00010050: OUT EAPD Balanced
   EAPD 0x2: EAPD
   Pin Default 0x90170110: [Fixed] Speaker at Int N/A
     Conn = Analog, Color = Unknown
     DefAssociation = 0x1, Sequence = 0x0
     Misc = NO_PRESENCE
   Pin-ctls: 0x40: OUT
   Power states:  D0 D1 D2 D3 EPSS
   Power: setting=D0, actual=D0
   Connection: 2
      0x0c* 0x0d
 Node 0x15 [Pin Complex] wcaps 0x40058d: Stereo Amp-Out
   Control: name="Headphone Playback Switch", index=0, device=0
     ControlAmp: chs=3, dir=Out, idx=0, ofs=0
   Amp-Out caps: ofs=0x00, nsteps=0x00, stepsize=0x00, mute=1
   Amp-Out vals:  [0x00 0x00]
   Pincap 0x0001001c: OUT HP EAPD Detect
   EAPD 0x2: EAPD
   Pin Default 0x0221101f: [Jack] HP Out at Ext Front
     Conn = 1/8, Color = Black
     DefAssociation = 0x1, Sequence = 0xf
   Pin-ctls: 0xc0: OUT HP
   Unsolicited: tag=04, enabled=1
   Power states:  D0 D1 D2 D3 EPSS
   Power: setting=D0, actual=D0
   Connection: 2
      0x0c 0x0d*
 Node 0x16 [Pin Complex] wcaps 0x40050c: Mono Amp-Out
   Amp-Out caps: ofs=0x00, nsteps=0x00, stepsize=0x00, mute=1
   Amp-Out vals:  [0x80]
   Pincap 0x00000010: OUT
   Pin Default 0x411111f0: [N/A] Speaker at Ext Rear
     Conn = 1/8, Color = Black
     DefAssociation = 0xf, Sequence = 0x0
     Misc = NO_PRESENCE
   Pin-ctls: 0x40: OUT
   Power states:  D0 D1 D2 D3 EPSS
   Power: setting=D0, actual=D0
   Connection: 1
      0x0e
 Node 0x17 [Vendor Defined Widget] wcaps 0xf00000: Mono
 Node 0x18 [Pin Complex] wcaps 0x40058f: Stereo Amp-In Amp-Out
   Control: name="Mic Boost Volume", index=0, device=0
     ControlAmp: chs=3, dir=In, idx=0, ofs=0
   Amp-In caps: ofs=0x00, nsteps=0x03, stepsize=0x27, mute=0
   Amp-In vals:  [0x03 0x03]
   Amp-Out caps: ofs=0x00, nsteps=0x00, stepsize=0x00, mute=1
   Amp-Out vals:  [0x80 0x80]
   Pincap 0x00003734: IN OUT Detect
     Vref caps: HIZ 50 GRD 80 100
   Pin Default 0x02a15820: [Jack] Mic at Ext Front
     Conn = 1/8, Color = Red
     DefAssociation = 0x2, Sequence = 0x0
   Pin-ctls: 0x24: IN VREF_80
   Unsolicited: tag=08, enabled=1
   Power states:  D0 D1 D2 D3 EPSS
   Power: setting=D0, actual=D0
   Connection: 2
      0x0c* 0x0d
 Node 0x19 [Pin Complex] wcaps 0x40058f: Stereo Amp-In Amp-Out
   Amp-In caps: ofs=0x00, nsteps=0x03, stepsize=0x27, mute=0
   Amp-In vals:  [0x00 0x00]
   Amp-Out caps: ofs=0x00, nsteps=0x00, stepsize=0x00, mute=1
   Amp-Out vals:  [0x80 0x80]
   Pincap 0x00003734: IN OUT Detect
     Vref caps: HIZ 50 GRD 80 100
   Pin Default 0x411111f0: [N/A] Speaker at Ext Rear
     Conn = 1/8, Color = Black
     DefAssociation = 0xf, Sequence = 0x0
     Misc = NO_PRESENCE
   Pin-ctls: 0x22: IN VREF_GRD
   Unsolicited: tag=00, enabled=0
   Power states:  D0 D1 D2 D3 EPSS
   Power: setting=D0, actual=D0
   Connection: 2
      0x0c* 0x0d
 Node 0x1a [Pin Complex] wcaps 0x40058f: Stereo Amp-In Amp-Out
   Amp-In caps: ofs=0x00, nsteps=0x03, stepsize=0x27, mute=0
   Amp-In vals:  [0x00 0x00]
   Amp-Out caps: ofs=0x00, nsteps=0x00, stepsize=0x00, mute=1
   Amp-Out vals:  [0x80 0x80]
   Pincap 0x0000373c: IN OUT HP Detect
     Vref caps: HIZ 50 GRD 80 100
   Pin Default 0x411111f0: [N/A] Speaker at Ext Rear
     Conn = 1/8, Color = Black
     DefAssociation = 0xf, Sequence = 0x0
     Misc = NO_PRESENCE
   Pin-ctls: 0x20: IN VREF_HIZ
   Unsolicited: tag=00, enabled=0
   Power states:  D0 D1 D2 D3 EPSS
   Power: setting=D0, actual=D0
   Connection: 2
      0x0c* 0x0d
 Node 0x1b [Pin Complex] wcaps 0x40058f: Stereo Amp-In Amp-Out
   Amp-In caps: ofs=0x00, nsteps=0x03, stepsize=0x27, mute=0
   Amp-In vals:  [0x00 0x00]
   Amp-Out caps: ofs=0x00, nsteps=0x00, stepsize=0x00, mute=1
   Amp-Out vals:  [0x80 0x80]
   Pincap 0x00003734: IN OUT Detect
     Vref caps: HIZ 50 GRD 80 100
   Pin Default 0x411111f0: [N/A] Speaker at Ext Rear
     Conn = 1/8, Color = Black
     DefAssociation = 0xf, Sequence = 0x0
     Misc = NO_PRESENCE
   Pin-ctls: 0x20: IN VREF_HIZ
   Unsolicited: tag=00, enabled=0
   Power states:  D0 D1 D2 D3 EPSS
   Power: setting=D0, actual=D0
   Connection: 2
      0x0c* 0x0d
 Node 0x1c [Vendor Defined Widget] wcaps 0xf00000: Mono
 Node 0x1d [Pin Complex] wcaps 0x400400: Mono
   Pincap 0x00000020: IN
   Pin Default 0x40138105: [N/A] Speaker at Ext N/A
     Conn = ATAPI, Color = Purple
     DefAssociation = 0x0, Sequence = 0x5
     Misc = NO_PRESENCE
   Pin-ctls: 0x20: IN
   Power states:  D0 D1 D2 D3 EPSS
   Power: setting=D0, actual=D0
 Node 0x1e [Pin Complex] wcaps 0x400781: Stereo Digital
   Pincap 0x00000014: OUT Detect
   Pin Default 0x411111f0: [N/A] Speaker at Ext Rear
     Conn = 1/8, Color = Black
     DefAssociation = 0xf, Sequence = 0x0
     Misc = NO_PRESENCE
   Pin-ctls: 0x40: OUT
   Unsolicited: tag=00, enabled=0
   Power states:  D0 D1 D2 D3 EPSS
   Power: setting=D0, actual=D0
   Connection: 1
      0x06
 Node 0x1f [Vendor Defined Widget] wcaps 0xf00000: Mono
 Node 0x20 [Vendor Defined Widget] wcaps 0xf00040: Mono
   Processing caps: benign=0, ncoeff=64
 Node 0x21 [Vendor Defined Widget] wcaps 0xf00000: Mono
 Node 0x22 [Audio Selector] wcaps 0x300101: Stereo
   Connection: 2
      0x12* 0x13
 Node 0x23 [Audio Mixer] wcaps 0x20010b: Stereo Amp-In
   Amp-In caps: ofs=0x00, nsteps=0x00, stepsize=0x00, mute=1
   Amp-In vals:  [0x00 0x00] [0x80 0x80] [0x80 0x80] [0x80 0x80] [0x80 0x80] [0x80 0x80]
   Connection: 6
      0x18 0x19 0x1a 0x1b 0x1d 0x0b
 Node 0x24 [Audio Mixer] wcaps 0x20010b: Stereo Amp-In
   Amp-In caps: ofs=0x00, nsteps=0x00, stepsize=0x00, mute=1
   Amp-In vals:  [0x80 0x80] [0x80 0x80] [0x80 0x80] [0x80 0x80] [0x80 0x80] [0x80 0x80]
   Connection: 6
      0x18 0x19 0x1a 0x1b 0x1d 0x0b
 Codec: Nvidia GPU 0b HDMI/DP
 Address: 0
 AFG Function Id: 0x1 (unsol 0)
 Vendor Id: 0x10de000b
 Subsystem Id: 0x104d4100
 Revision Id: 0x100200
 No Modem Function Group found
 Default PCM:
     rates [0x0]:
     bits [0x0]:
     formats [0x0]:
 Default Amp-In caps: N/A
 Default Amp-Out caps: N/A
 GPIO: io=0, o=0, i=0, unsolicited=0, wake=0
 Node 0x04 [Audio Output] wcaps 0x72b1: 8-Channels Digital Stripe CP
   Control: name="IEC958 Playback Con Mask", index=0, device=0
   Control: name="IEC958 Playback Pro Mask", index=0, device=0
   Control: name="IEC958 Playback Default", index=0, device=0
   Control: name="IEC958 Playback Switch", index=0, device=0
   Device: name="HDMI 0", type="HDMI", device=3
   Converter: stream=0, channel=0
   Digital: Enabled
   Digital category: 0x0
   PCM:
     rates [0x7f0]: 32000 44100 48000 88200 96000 176400 192000
     bits [0xe]: 16 20 24
     formats [0x5]: PCM AC3
   Unsolicited: tag=00, enabled=0
 Node 0x05 [Pin Complex] wcaps 0x407381: 8-Channels Digital CP
   Pincap 0x09000094: OUT Detect HBR HDMI DP
   Pin Default 0x18560010: [Jack] Digital Out at Int HDMI
     Conn = Digital, Color = Unknown
     DefAssociation = 0x1, Sequence = 0x0
   Pin-ctls: 0x40: OUT
   Unsolicited: tag=05, enabled=1
   Connection: 1
      0x04
 Codec: Nvidia GPU 0b HDMI/DP
 Address: 1
 AFG Function Id: 0x1 (unsol 0)
 Vendor Id: 0x10de000b
 Subsystem Id: 0x104d4100
 Revision Id: 0x100200
 No Modem Function Group found
 Default PCM:
     rates [0x0]:
     bits [0x0]:
     formats [0x0]:
 Default Amp-In caps: N/A
 Default Amp-Out caps: N/A
 GPIO: io=0, o=0, i=0, unsolicited=0, wake=0
 Node 0x04 [Audio Output] wcaps 0x72b1: 8-Channels Digital Stripe CP
   Control: name="IEC958 Playback Con Mask", index=1, device=0
   Control: name="IEC958 Playback Pro Mask", index=1, device=0
   Control: name="IEC958 Playback Default", index=1, device=0
   Control: name="IEC958 Playback Switch", index=1, device=0
   Device: name="HDMI 0", type="HDMI", device=7
   Converter: stream=0, channel=0
   Digital: Enabled
   Digital category: 0x0
   PCM:
     rates [0x7f0]: 32000 44100 48000 88200 96000 176400 192000
     bits [0xe]: 16 20 24
     formats [0x5]: PCM AC3
   Unsolicited: tag=00, enabled=0
 Node 0x05 [Pin Complex] wcaps 0x407381: 8-Channels Digital CP
   Pincap 0x09000094: OUT Detect HBR HDMI DP
   Pin Default 0x18560010: [Jack] Digital Out at Int HDMI
     Conn = Digital, Color = Unknown
     DefAssociation = 0x1, Sequence = 0x0
   Pin-ctls: 0x40: OUT
   Unsolicited: tag=05, enabled=1
   Connection: 1
      0x04
 Codec: Nvidia GPU 0b HDMI/DP
 Address: 2
 AFG Function Id: 0x1 (unsol 0)
 Vendor Id: 0x10de000b
 Subsystem Id: 0x104d4100
 Revision Id: 0x100200
 No Modem Function Group found
 Default PCM:
     rates [0x0]:
     bits [0x0]:
     formats [0x0]:
 Default Amp-In caps: N/A
 Default Amp-Out caps: N/A
 GPIO: io=0, o=0, i=0, unsolicited=0, wake=0
 Node 0x04 [Audio Output] wcaps 0x72b1: 8-Channels Digital Stripe CP
   Control: name="IEC958 Playback Con Mask", index=2, device=0
   Control: name="IEC958 Playback Pro Mask", index=2, device=0
   Control: name="IEC958 Playback Default", index=2, device=0
   Control: name="IEC958 Playback Switch", index=2, device=0
   Device: name="HDMI 0", type="HDMI", device=8
   Converter: stream=0, channel=0
   Digital: Enabled
   Digital category: 0x0
   PCM:
     rates [0x7f0]: 32000 44100 48000 88200 96000 176400 192000
     bits [0xe]: 16 20 24
     formats [0x5]: PCM AC3
   Unsolicited: tag=00, enabled=0
 Node 0x05 [Pin Complex] wcaps 0x407381: 8-Channels Digital CP
   Pincap 0x09000094: OUT Detect HBR HDMI DP
   Pin Default 0x18560010: [Jack] Digital Out at Int HDMI
     Conn = Digital, Color = Unknown
     DefAssociation = 0x1, Sequence = 0x0
   Pin-ctls: 0x40: OUT
   Unsolicited: tag=05, enabled=1
   Connection: 1
      0x04
 Codec: Nvidia GPU 0b HDMI/DP
 Address: 3
 AFG Function Id: 0x1 (unsol 0)
 Vendor Id: 0x10de000b
 Subsystem Id: 0x104d4100
 Revision Id: 0x100200
 No Modem Function Group found
 Default PCM:
     rates [0x0]:
     bits [0x0]:
     formats [0x0]:
 Default Amp-In caps: N/A
 Default Amp-Out caps: N/A
 GPIO: io=0, o=0, i=0, unsolicited=0, wake=0
 Node 0x04 [Audio Output] wcaps 0x72b1: 8-Channels Digital Stripe CP
   Control: name="IEC958 Playback Con Mask", index=3, device=0
   Control: name="IEC958 Playback Pro Mask", index=3, device=0
   Control: name="IEC958 Playback Default", index=3, device=0
   Control: name="IEC958 Playback Switch", index=3, device=0
   Device: name="HDMI 0", type="HDMI", device=9
   Converter: stream=0, channel=0
   Digital: Enabled
   Digital category: 0x0
   PCM:
     rates [0x7f0]: 32000 44100 48000 88200 96000 176400 192000
     bits [0xe]: 16 20 24
     formats [0x5]: PCM AC3
   Unsolicited: tag=00, enabled=0
 Node 0x05 [Pin Complex] wcaps 0x407381: 8-Channels Digital CP
   Pincap 0x09000094: OUT Detect HBR HDMI DP
   Pin Default 0x18560010: [Jack] Digital Out at Int HDMI
     Conn = Digital, Color = Unknown
     DefAssociation = 0x1, Sequence = 0x0
   Pin-ctls: 0x40: OUT
   Unsolicited: tag=05, enabled=1
   Connection: 1
      0x04
]
test: __info__ info/cpuinfo_attachment
success: __info__ info/cpuinfo_attachment [
 processor	: 0
 vendor_id	: GenuineIntel
 cpu family	: 6
 model		: 37
 model name	: Intel(R) Core(TM) i5 CPU       M 520  @ 2.40GHz
 stepping	: 2
 cpu MHz		: 1466.000
 cache size	: 3072 KB
 physical id	: 0
 siblings	: 4
 core id		: 0
 cpu cores	: 2
 apicid		: 0
 initial apicid	: 0
 fpu		: yes
 fpu_exception	: yes
 cpuid level	: 11
 wp		: yes
 flags		: fpu vme de pse tsc msr pae mce cx8 apic sep mtrr pge mca cmov pat pse36 clflush dts acpi mmx fxsr sse sse2 ss ht tm pbe syscall nx rdtscp lm constant_tsc arch_perfmon pebs bts rep_good nopl xtopology nonstop_tsc aperfmperf pni pclmulqdq dtes64 monitor ds_cpl vmx smx est tm2 ssse3 cx16 xtpr pdcm sse4_1 sse4_2 popcnt aes lahf_lm ida arat dts tpr_shadow vnmi flexpriority ept vpid
 bogomips	: 4787.57
 clflush size	: 64
 cache_alignment	: 64
 address sizes	: 36 bits physical, 48 bits virtual
 power management:
 
 processor	: 1
 vendor_id	: GenuineIntel
 cpu family	: 6
 model		: 37
 model name	: Intel(R) Core(TM) i5 CPU       M 520  @ 2.40GHz
 stepping	: 2
 cpu MHz		: 2400.000
 cache size	: 3072 KB
 physical id	: 0
 siblings	: 4
 core id		: 0
 cpu cores	: 2
 apicid		: 1
 initial apicid	: 1
 fpu		: yes
 fpu_exception	: yes
 cpuid level	: 11
 wp		: yes
 flags		: fpu vme de pse tsc msr pae mce cx8 apic sep mtrr pge mca cmov pat pse36 clflush dts acpi mmx fxsr sse sse2 ss ht tm pbe syscall nx rdtscp lm constant_tsc arch_perfmon pebs bts rep_good nopl xtopology nonstop_tsc aperfmperf pni pclmulqdq dtes64 monitor ds_cpl vmx smx est tm2 ssse3 cx16 xtpr pdcm sse4_1 sse4_2 popcnt aes lahf_lm ida arat dts tpr_shadow vnmi flexpriority ept vpid
 bogomips	: 4788.00
 clflush size	: 64
 cache_alignment	: 64
 address sizes	: 36 bits physical, 48 bits virtual
 power management:
 
 processor	: 2
 vendor_id	: GenuineIntel
 cpu family	: 6
 model		: 37
 model name	: Intel(R) Core(TM) i5 CPU       M 520  @ 2.40GHz
 stepping	: 2
 cpu MHz		: 1199.000
 cache size	: 3072 KB
 physical id	: 0
 siblings	: 4
 core id		: 2
 cpu cores	: 2
 apicid		: 4
 initial apicid	: 4
 fpu		: yes
 fpu_exception	: yes
 cpuid level	: 11
 wp		: yes
 flags		: fpu vme de pse tsc msr pae mce cx8 apic sep mtrr pge mca cmov pat pse36 clflush dts acpi mmx fxsr sse sse2 ss ht tm pbe syscall nx rdtscp lm constant_tsc arch_perfmon pebs bts rep_good nopl xtopology nonstop_tsc aperfmperf pni pclmulqdq dtes64 monitor ds_cpl vmx smx est tm2 ssse3 cx16 xtpr pdcm sse4_1 sse4_2 popcnt aes lahf_lm ida arat dts tpr_shadow vnmi flexpriority ept vpid
 bogomips	: 4788.11
 clflush size	: 64
 cache_alignment	: 64
 address sizes	: 36 bits physical, 48 bits virtual
 power management:
 
 processor	: 3
 vendor_id	: GenuineIntel
 cpu family	: 6
 model		: 37
 model name	: Intel(R) Core(TM) i5 CPU       M 520  @ 2.40GHz
 stepping	: 2
 cpu MHz		: 2400.000
 cache size	: 3072 KB
 physical id	: 0
 siblings	: 4
 core id		: 2
 cpu cores	: 2
 apicid		: 5
 initial apicid	: 5
 fpu		: yes
 fpu_exception	: yes
 cpuid level	: 11
 wp		: yes
 flags		: fpu vme de pse tsc msr pae mce cx8 apic sep mtrr pge mca cmov pat pse36 clflush dts acpi mmx fxsr sse sse2 ss ht tm pbe syscall nx rdtscp lm constant_tsc arch_perfmon pebs bts rep_good nopl xtopology nonstop_tsc aperfmperf pni pclmulqdq dtes64 monitor ds_cpl vmx smx est tm2 ssse3 cx16 xtpr pdcm sse4_1 sse4_2 popcnt aes lahf_lm ida arat dts tpr_shadow vnmi flexpriority ept vpid
 bogomips	: 4787.95
 clflush size	: 64
 cache_alignment	: 64
 address sizes	: 36 bits physical, 48 bits virtual
 power management:
]
test: __info__ info/dmesg_attachment
success: __info__ info/dmesg_attachment [
 [    0.000000] Initializing cgroup subsys cpuset
 [    0.000000] Initializing cgroup subsys cpu
 [    0.000000] Linux version 3.0.0-13-generic (buildd@crested) (gcc version 4.6.1 (Ubuntu/Linaro 4.6.1-9ubuntu3) ) #22-Ubuntu SMP Wed Nov 2 13:27:26 UTC 2011 (Ubuntu 3.0.0-13.22-generic 3.0.6)
 [    0.000000] Command line: BOOT_IMAGE=/boot/vmlinuz-3.0.0-13-generic root=UUID=dea20203-1fbb-44b8-be8f-d0fd34613496 ro quiet splash vt.handoff=7
 [    0.000000] KERNEL supported cpus:
 [    0.000000]   Intel GenuineIntel
 [    0.000000]   AMD AuthenticAMD
 [    0.000000]   Centaur CentaurHauls
 [    0.000000] BIOS-provided physical RAM map:
 [    0.000000]  BIOS-e820: 0000000000000000 - 000000000009e000 (usable)
 [    0.000000]  BIOS-e820: 000000000009e000 - 00000000000a0000 (reserved)
 [    0.000000]  BIOS-e820: 00000000000e0000 - 0000000000100000 (reserved)
 [    0.000000]  BIOS-e820: 0000000000100000 - 00000000bf681000 (usable)
 [    0.000000]  BIOS-e820: 00000000bf681000 - 00000000bf6bf000 (reserved)
 [    0.000000]  BIOS-e820: 00000000bf6bf000 - 00000000bf75d000 (usable)
 [    0.000000]  BIOS-e820: 00000000bf75d000 - 00000000bf7bf000 (ACPI NVS)
 [    0.000000]  BIOS-e820: 00000000bf7bf000 - 00000000bf7e6000 (usable)
 [    0.000000]  BIOS-e820: 00000000bf7e6000 - 00000000bf7ff000 (ACPI data)
 [    0.000000]  BIOS-e820: 00000000bf7ff000 - 00000000bf800000 (usable)
 [    0.000000]  BIOS-e820: 00000000bf800000 - 00000000c0000000 (reserved)
 [    0.000000]  BIOS-e820: 00000000e0000000 - 00000000f0000000 (reserved)
 [    0.000000]  BIOS-e820: 00000000feb00000 - 00000000feb04000 (reserved)
 [    0.000000]  BIOS-e820: 00000000fec00000 - 00000000fec01000 (reserved)
 [    0.000000]  BIOS-e820: 00000000fed10000 - 00000000fed14000 (reserved)
 [    0.000000]  BIOS-e820: 00000000fed18000 - 00000000fed1a000 (reserved)
 [    0.000000]  BIOS-e820: 00000000fed1c000 - 00000000fed20000 (reserved)
 [    0.000000]  BIOS-e820: 00000000fee00000 - 00000000fee01000 (reserved)
 [    0.000000]  BIOS-e820: 00000000ffe00000 - 0000000100000000 (reserved)
 [    0.000000]  BIOS-e820: 0000000100000000 - 000000017c000000 (usable)
 [    0.000000]  BIOS-e820: 000000017c000000 - 0000000180000000 (reserved)
 [    0.000000]  BIOS-e820: 0000000180000000 - 00000001bc000000 (usable)
 [    0.000000] NX (Execute Disable) protection: active
 [    0.000000] DMI 2.6 present.
 [    0.000000] DMI: Sony Corporation VPCS11J7E/VAIO, BIOS R0290Q3 05/12/2010
 [    0.000000] e820 update range: 0000000000000000 - 0000000000010000 (usable) ==> (reserved)
 [    0.000000] e820 remove range: 00000000000a0000 - 0000000000100000 (usable)
 [    0.000000] No AGP bridge found
 [    0.000000] last_pfn = 0x1bc000 max_arch_pfn = 0x400000000
 [    0.000000] MTRR default type: uncachable
 [    0.000000] MTRR fixed ranges enabled:
 [    0.000000]   00000-9FFFF write-back
 [    0.000000]   A0000-BFFFF uncachable
 [    0.000000]   C0000-EFFFF write-through
 [    0.000000]   F0000-FFFFF write-combining
 [    0.000000] MTRR variable ranges enabled:
 [    0.000000]   0 base 000000000 mask F80000000 write-back
 [    0.000000]   1 base 0FFE00000 mask FFFE00000 write-protect
 [    0.000000]   2 base 080000000 mask FC0000000 write-back
 [    0.000000]   3 base 0BF800000 mask FFF800000 uncachable
 [    0.000000]   4 base 100000000 mask F00000000 write-back
 [    0.000000]   5 base 1BC000000 mask FFC000000 uncachable
 [    0.000000]   6 base 1C0000000 mask FC0000000 uncachable
 [    0.000000]   7 disabled
 [    0.000000] x86 PAT enabled: cpu 0, old 0x7040600070406, new 0x7010600070106
 [    0.000000] last_pfn = 0xbf800 max_arch_pfn = 0x400000000
 [    0.000000] initial memory mapped : 0 - 20000000
 [    0.000000] Base memory trampoline at [ffff880000099000] 99000 size 20480
 [    0.000000] init_memory_mapping: 0000000000000000-00000000bf800000
 [    0.000000]  0000000000 - 00bf800000 page 2M
 [    0.000000] kernel direct mapping tables up to bf800000 @ bf7e2000-bf7e6000
 [    0.000000] init_memory_mapping: 0000000100000000-00000001bc000000
 [    0.000000]  0100000000 - 01bc000000 page 2M
 [    0.000000] kernel direct mapping tables up to 1bc000000 @ 1bbff8000-1bc000000
 [    0.000000] RAMDISK: 365b8000 - 372d4000
 [    0.000000] ACPI: RSDP 00000000000fe020 00024 (v02   Sony)
 [    0.000000] ACPI: XSDT 00000000bf7fe120 00074 (v01   Sony     VAIO 20100512      01000013)
 [    0.000000] ACPI: FACP 00000000bf7fc000 000F4 (v04   Sony     VAIO 20100512 INTL 20061109)
 [    0.000000] ACPI: DSDT 00000000bf7ed000 0B9EE (v02   Sony     VAIO 20100512 INTL 20061109)
 [    0.000000] ACPI: FACS 00000000bf76f000 00040
 [    0.000000] ACPI: ASF! 00000000bf7fd000 000A5 (v32   Sony     VAIO 20100512 INTL 20061109)
 [    0.000000] ACPI: HPET 00000000bf7fb000 00038 (v01   Sony     VAIO 20100512 INTL 20061109)
 [    0.000000] ACPI: APIC 00000000bf7fa000 0008C (v02   Sony     VAIO 20100512 INTL 20061109)
 [    0.000000] ACPI: MCFG 00000000bf7f9000 0003C (v01   Sony     VAIO 20100512 INTL 20061109)
 [    0.000000] ACPI: SLIC 00000000bf7ec000 00176 (v01   Sony     VAIO 20100512 INTL 20061109)
 [    0.000000] ACPI: SSDT 00000000bf7eb000 00172 (v01   Sony     VAIO 20100512 INTL 20061109)
 [    0.000000] ACPI: BOOT 00000000bf7ea000 00028 (v01   Sony     VAIO 20100512 INTL 20061109)
 [    0.000000] ACPI: SSDT 00000000bf7e9000 0008E (v01   Sony     VAIO 20100512 INTL 20061109)
 [    0.000000] ACPI: SSDT 00000000bf7e6000 009F1 (v01   Sony     VAIO 20100512 INTL 20061109)
 [    0.000000] ACPI: Local APIC address 0xfee00000
 [    0.000000] No NUMA configuration found
 [    0.000000] Faking a node at 0000000000000000-00000001bc000000
 [    0.000000] Initmem setup node 0 0000000000000000-00000001bc000000
 [    0.000000]   NODE_DATA [00000001bbffb000 - 00000001bbffffff]
 [    0.000000]  [ffffea0000000000-ffffea00061fffff] PMD -> [ffff8801b5600000-ffff8801ba9fffff] on node 0
 [    0.000000] Zone PFN ranges:
 [    0.000000]   DMA      0x00000010 -> 0x00001000
 [    0.000000]   DMA32    0x00001000 -> 0x00100000
 [    0.000000]   Normal   0x00100000 -> 0x001bc000
 [    0.000000] Movable zone start PFN for each node
 [    0.000000] early_node_map[7] active PFN ranges
 [    0.000000]     0: 0x00000010 -> 0x0000009e
 [    0.000000]     0: 0x00000100 -> 0x000bf681
 [    0.000000]     0: 0x000bf6bf -> 0x000bf75d
 [    0.000000]     0: 0x000bf7bf -> 0x000bf7e6
 [    0.000000]     0: 0x000bf7ff -> 0x000bf800
 [    0.000000]     0: 0x00100000 -> 0x0017c000
 [    0.000000]     0: 0x00180000 -> 0x001bc000
 [    0.000000] On node 0 totalpages: 1537749
 [    0.000000]   DMA zone: 56 pages used for memmap
 [    0.000000]   DMA zone: 5 pages reserved
 [    0.000000]   DMA zone: 3921 pages, LIFO batch:0
 [    0.000000]   DMA32 zone: 14280 pages used for memmap
 [    0.000000]   DMA32 zone: 765823 pages, LIFO batch:31
 [    0.000000]   Normal zone: 10528 pages used for memmap
 [    0.000000]   Normal zone: 743136 pages, LIFO batch:31
 [    0.000000] ACPI: PM-Timer IO Port: 0x408
 [    0.000000] ACPI: Local APIC address 0xfee00000
 [    0.000000] ACPI: LAPIC (acpi_id[0x01] lapic_id[0x00] enabled)
 [    0.000000] ACPI: LAPIC (acpi_id[0x02] lapic_id[0x01] enabled)
 [    0.000000] ACPI: LAPIC (acpi_id[0x03] lapic_id[0x04] enabled)
 [    0.000000] ACPI: LAPIC (acpi_id[0x04] lapic_id[0x05] enabled)
 [    0.000000] ACPI: LAPIC (acpi_id[0x05] lapic_id[0x00] disabled)
 [    0.000000] ACPI: LAPIC (acpi_id[0x06] lapic_id[0x00] disabled)
 [    0.000000] ACPI: LAPIC (acpi_id[0x07] lapic_id[0x00] disabled)
 [    0.000000] ACPI: LAPIC (acpi_id[0x08] lapic_id[0x00] disabled)
 [    0.000000] ACPI: IOAPIC (id[0x02] address[0xfec00000] gsi_base[0])
 [    0.000000] IOAPIC[0]: apic_id 2, version 32, address 0xfec00000, GSI 0-23
 [    0.000000] ACPI: INT_SRC_OVR (bus 0 bus_irq 0 global_irq 2 dfl dfl)
 [    0.000000] ACPI: INT_SRC_OVR (bus 0 bus_irq 9 global_irq 9 high level)
 [    0.000000] ACPI: IRQ0 used by override.
 [    0.000000] ACPI: IRQ2 used by override.
 [    0.000000] ACPI: IRQ9 used by override.
 [    0.000000] Using ACPI (MADT) for SMP configuration information
 [    0.000000] ACPI: HPET id: 0x8086a201 base: 0xfed00000
 [    0.000000] SMP: Allowing 8 CPUs, 4 hotplug CPUs
 [    0.000000] nr_irqs_gsi: 40
 [    0.000000] PM: Registered nosave memory: 000000000009e000 - 00000000000a0000
 [    0.000000] PM: Registered nosave memory: 00000000000a0000 - 00000000000e0000
 [    0.000000] PM: Registered nosave memory: 00000000000e0000 - 0000000000100000
 [    0.000000] PM: Registered nosave memory: 00000000bf681000 - 00000000bf6bf000
 [    0.000000] PM: Registered nosave memory: 00000000bf75d000 - 00000000bf7bf000
 [    0.000000] PM: Registered nosave memory: 00000000bf7e6000 - 00000000bf7ff000
 [    0.000000] PM: Registered nosave memory: 00000000bf800000 - 00000000c0000000
 [    0.000000] PM: Registered nosave memory: 00000000c0000000 - 00000000e0000000
 [    0.000000] PM: Registered nosave memory: 00000000e0000000 - 00000000f0000000
 [    0.000000] PM: Registered nosave memory: 00000000f0000000 - 00000000feb00000
 [    0.000000] PM: Registered nosave memory: 00000000feb00000 - 00000000feb04000
 [    0.000000] PM: Registered nosave memory: 00000000feb04000 - 00000000fec00000
 [    0.000000] PM: Registered nosave memory: 00000000fec00000 - 00000000fec01000
 [    0.000000] PM: Registered nosave memory: 00000000fec01000 - 00000000fed10000
 [    0.000000] PM: Registered nosave memory: 00000000fed10000 - 00000000fed14000
 [    0.000000] PM: Registered nosave memory: 00000000fed14000 - 00000000fed18000
 [    0.000000] PM: Registered nosave memory: 00000000fed18000 - 00000000fed1a000
 [    0.000000] PM: Registered nosave memory: 00000000fed1a000 - 00000000fed1c000
 [    0.000000] PM: Registered nosave memory: 00000000fed1c000 - 00000000fed20000
 [    0.000000] PM: Registered nosave memory: 00000000fed20000 - 00000000fee00000
 [    0.000000] PM: Registered nosave memory: 00000000fee00000 - 00000000fee01000
 [    0.000000] PM: Registered nosave memory: 00000000fee01000 - 00000000ffe00000
 [    0.000000] PM: Registered nosave memory: 00000000ffe00000 - 0000000100000000
 [    0.000000] PM: Registered nosave memory: 000000017c000000 - 0000000180000000
 [    0.000000] Allocating PCI resources starting at c0000000 (gap: c0000000:20000000)
 [    0.000000] Booting paravirtualized kernel on bare hardware
 [    0.000000] setup_percpu: NR_CPUS:256 nr_cpumask_bits:256 nr_cpu_ids:8 nr_node_ids:1
 [    0.000000] PERCPU: Embedded 27 pages/cpu @ffff8801bbc00000 s79616 r8192 d22784 u262144
 [    0.000000] pcpu-alloc: s79616 r8192 d22784 u262144 alloc=1*2097152
 [    0.000000] pcpu-alloc: [0] 0 1 2 3 4 5 6 7 
 [    0.000000] Built 1 zonelists in Node order, mobility grouping on.  Total pages: 1512880
 [    0.000000] Policy zone: Normal
 [    0.000000] Kernel command line: BOOT_IMAGE=/boot/vmlinuz-3.0.0-13-generic root=UUID=dea20203-1fbb-44b8-be8f-d0fd34613496 ro quiet splash vt.handoff=7
 [    0.000000] PID hash table entries: 4096 (order: 3, 32768 bytes)
 [    0.000000] Checking aperture...
 [    0.000000] No AGP bridge found
 [    0.000000] Calgary: detecting Calgary via BIOS EBDA area
 [    0.000000] Calgary: Unable to locate Rio Grande table in EBDA - bailing!
 [    0.000000] Memory: 5971060k/7274496k available (6105k kernel code, 1123500k absent, 179936k reserved, 4879k data, 984k init)
 [    0.000000] SLUB: Genslabs=15, HWalign=64, Order=0-3, MinObjects=0, CPUs=8, Nodes=1
 [    0.000000] Hierarchical RCU implementation.
 [    0.000000]  RCU dyntick-idle grace-period acceleration is enabled.
 [    0.000000] NR_IRQS:16640 nr_irqs:744 16
 [    0.000000] Extended CMOS year: 2000
 [    0.000000] vt handoff: transparent VT on vt#7
 [    0.000000] Console: colour dummy device 80x25
 [    0.000000] console [tty0] enabled
 [    0.000000] allocated 50331648 bytes of page_cgroup
 [    0.000000] please try 'cgroup_disable=memory' option if you don't want memory cgroups
 [    0.000000] hpet clockevent registered
 [    0.000000] Fast TSC calibration using PIT
 [    0.004000] Detected 2393.787 MHz processor.
 [    0.000005] Calibrating delay loop (skipped), value calculated using timer frequency.. 4787.57 BogoMIPS (lpj=9575148)
 [    0.000012] pid_max: default: 32768 minimum: 301
 [    0.000055] Security Framework initialized
 [    0.000078] AppArmor: AppArmor initialized
 [    0.000081] Yama: becoming mindful.
 [    0.001521] Dentry cache hash table entries: 1048576 (order: 11, 8388608 bytes)
 [    0.004917] Inode-cache hash table entries: 524288 (order: 10, 4194304 bytes)
 [    0.006276] Mount-cache hash table entries: 256
 [    0.006474] Initializing cgroup subsys cpuacct
 [    0.006484] Initializing cgroup subsys memory
 [    0.006497] Initializing cgroup subsys devices
 [    0.006500] Initializing cgroup subsys freezer
 [    0.006504] Initializing cgroup subsys net_cls
 [    0.006507] Initializing cgroup subsys blkio
 [    0.006516] Initializing cgroup subsys perf_event
 [    0.006560] CPU: Physical Processor ID: 0
 [    0.006563] CPU: Processor Core ID: 0
 [    0.006571] mce: CPU supports 9 MCE banks
 [    0.006586] CPU0: Thermal monitoring handled by SMI
 [    0.006599] using mwait in idle threads.
 [    0.010286] ACPI: Core revision 20110413
 [    0.043102] ftrace: allocating 25656 entries in 101 pages
 [    0.057599] ..TIMER: vector=0x30 apic1=0 pin1=2 apic2=-1 pin2=-1
 [    0.097216] CPU0: Intel(R) Core(TM) i5 CPU       M 520  @ 2.40GHz stepping 02
 [    0.203159] Performance Events: PEBS fmt1+, Westmere events, Intel PMU driver.
 [    0.203170] ... version:                3
 [    0.203172] ... bit width:              48
 [    0.203174] ... generic registers:      4
 [    0.203177] ... value mask:             0000ffffffffffff
 [    0.203180] ... max period:             000000007fffffff
 [    0.203182] ... fixed-purpose events:   3
 [    0.203185] ... event mask:             000000070000000f
 [    0.203839] Booting Node   0, Processors  #1
 [    0.203844] smpboot cpu 1: start_ip = 99000
 [    0.291040] CPU1: Thermal monitoring handled by SMI
 [    0.311219]  #2
 [    0.311222] smpboot cpu 2: start_ip = 99000
 [    0.398847] CPU2: Thermal monitoring handled by SMI
 [    0.419001]  #3
 [    0.419005] smpboot cpu 3: start_ip = 99000
 [    0.506658] CPU3: Thermal monitoring handled by SMI
 [    0.526760] Brought up 4 CPUs
 [    0.526765] Total of 4 processors activated (19151.33 BogoMIPS).
 [    0.529911] devtmpfs: initialized
 [    0.530145] PM: Registering ACPI NVS region at bf75d000 (401408 bytes)
 [    0.532978] print_constraints: dummy: 
 [    0.533011] Time: 20:27:48  Date: 12/08/11
 [    0.533066] NET: Registered protocol family 16
 [    0.533222] Trying to unpack rootfs image as initramfs...
 [    0.533247] ACPI FADT declares the system doesn't support PCIe ASPM, so disable it
 [    0.533251] ACPI: bus type pci registered
 [    0.533374] PCI: MMCONFIG for domain 0000 [bus 00-ff] at [mem 0xe0000000-0xefffffff] (base 0xe0000000)
 [    0.533380] PCI: MMCONFIG at [mem 0xe0000000-0xefffffff] reserved in E820
 [    0.617969] PCI: Using configuration type 1 for base access
 [    0.619354] bio: create slab <bio-0> at 0
 [    0.623112] ACPI: EC: Look up EC in DSDT
 [    0.626635] ACPI: Executed 1 blocks of module-level executable AML code
 [    0.690414] [Firmware Bug]: ACPI: BIOS _OSI(Linux) query ignored
 [    0.691364] ACPI: SSDT 00000000bf691918 003E2 (v01   Sony     VAIO 20100512 INTL 20061109)
 [    0.692228] ACPI: Dynamic OEM Table Load:
 [    0.692233] ACPI: SSDT           (null) 003E2 (v01   Sony     VAIO 20100512 INTL 20061109)
 [    0.692536] ACPI: SSDT 00000000bf68f698 0060B (v01   Sony     VAIO 20100512 INTL 20061109)
 [    0.693372] ACPI: Dynamic OEM Table Load:
 [    0.693376] ACPI: SSDT           (null) 0060B (v01   Sony     VAIO 20100512 INTL 20061109)
 [    0.754785] ACPI: SSDT 00000000bf690a98 00303 (v01   Sony     VAIO 20100512 INTL 20061109)
 [    0.755741] ACPI: Dynamic OEM Table Load:
 [    0.755746] ACPI: SSDT           (null) 00303 (v01   Sony     VAIO 20100512 INTL 20061109)
 [    0.786437] ACPI: SSDT 00000000bf68ed98 00119 (v01   Sony     VAIO 20100512 INTL 20061109)
 [    0.787332] ACPI: Dynamic OEM Table Load:
 [    0.787336] ACPI: SSDT           (null) 00119 (v01   Sony     VAIO 20100512 INTL 20061109)
 [    1.014039] Freeing initrd memory: 13424k freed
 [    1.118968] ACPI: Interpreter enabled
 [    1.118978] ACPI: (supports S0 S3 S4 S5)
 [    1.119059] ACPI: Using IOAPIC for interrupt routing
 [    1.122328] [Firmware Bug]: ACPI: No _BQC method, cannot determine initial brightness
 [    1.130111] ACPI: EC: GPE = 0x16, I/O: command/status = 0x66, data = 0x62
 [    1.134758] ACPI: ACPI Dock Station Driver: 1 docks/bays found
 [    1.134762] HEST: Table not found.
 [    1.134767] PCI: Using host bridge windows from ACPI; if necessary, use "pci=nocrs" and report a bug
 [    1.135463] \_SB_.PCI0:_OSC invalid UUID
 [    1.135466] _OSC request data:1 8 1f 
 [    1.135473] ACPI: PCI Root Bridge [PCI0] (domain 0000 [bus 00-fe])
 [    1.136621] pci_root PNP0A08:00: host bridge window [io  0x0000-0x0cf7]
 [    1.136626] pci_root PNP0A08:00: host bridge window [io  0x0d00-0xffff]
 [    1.136630] pci_root PNP0A08:00: host bridge window [mem 0x000a0000-0x000bffff]
 [    1.136636] pci_root PNP0A08:00: host bridge window [mem 0xc0000000-0xfeafffff]
 [    1.136655] pci 0000:00:00.0: [8086:0044] type 0 class 0x000600
 [    1.136685] DMAR: BIOS has allocated no shadow GTT; disabling IOMMU for graphics
 [    1.136714] pci 0000:00:01.0: [8086:0045] type 1 class 0x000604
 [    1.136757] pci 0000:00:01.0: PME# supported from D0 D3hot D3cold
 [    1.136762] pci 0000:00:01.0: PME# disabled
 [    1.136819] pci 0000:00:16.0: [8086:3b64] type 0 class 0x000780
 [    1.136850] pci 0000:00:16.0: reg 10: [mem 0xde106100-0xde10610f 64bit]
 [    1.136928] pci 0000:00:16.0: PME# supported from D0 D3hot D3cold
 [    1.136934] pci 0000:00:16.0: PME# disabled
 [    1.136980] pci 0000:00:1a.0: [8086:3b3c] type 0 class 0x000c03
 [    1.137882] pci 0000:00:1a.0: reg 10: [mem 0xde105c00-0xde105fff]
 [    1.140138] pci 0000:00:1a.0: PME# supported from D0 D3hot D3cold
 [    1.140144] pci 0000:00:1a.0: PME# disabled
 [    1.140175] pci 0000:00:1b.0: [8086:3b56] type 0 class 0x000403
 [    1.140196] pci 0000:00:1b.0: reg 10: [mem 0xde100000-0xde103fff 64bit]
 [    1.140264] pci 0000:00:1b.0: PME# supported from D0 D3hot D3cold
 [    1.140270] pci 0000:00:1b.0: PME# disabled
 [    1.140296] pci 0000:00:1c.0: [8086:3b42] type 1 class 0x000604
 [    1.140363] pci 0000:00:1c.0: PME# supported from D0 D3hot D3cold
 [    1.140369] pci 0000:00:1c.0: PME# disabled
 [    1.140396] pci 0000:00:1c.1: [8086:3b44] type 1 class 0x000604
 [    1.140464] pci 0000:00:1c.1: PME# supported from D0 D3hot D3cold
 [    1.140470] pci 0000:00:1c.1: PME# disabled
 [    1.140497] pci 0000:00:1c.2: [8086:3b46] type 1 class 0x000604
 [    1.140566] pci 0000:00:1c.2: PME# supported from D0 D3hot D3cold
 [    1.140572] pci 0000:00:1c.2: PME# disabled
 [    1.140602] pci 0000:00:1c.3: [8086:3b48] type 1 class 0x000604
 [    1.140671] pci 0000:00:1c.3: PME# supported from D0 D3hot D3cold
 [    1.140677] pci 0000:00:1c.3: PME# disabled
 [    1.140704] pci 0000:00:1c.4: [8086:3b4a] type 1 class 0x000604
 [    1.140772] pci 0000:00:1c.4: PME# supported from D0 D3hot D3cold
 [    1.140778] pci 0000:00:1c.4: PME# disabled
 [    1.140816] pci 0000:00:1d.0: [8086:3b34] type 0 class 0x000c03
 [    1.141207] pci 0000:00:1d.0: reg 10: [mem 0xde105800-0xde105bff]
 [    1.143530] pci 0000:00:1d.0: PME# supported from D0 D3hot D3cold
 [    1.143537] pci 0000:00:1d.0: PME# disabled
 [    1.143565] pci 0000:00:1e.0: [8086:2448] type 1 class 0x000604
 [    1.143645] pci 0000:00:1f.0: [8086:3b09] type 0 class 0x000601
 [    1.143783] pci 0000:00:1f.2: [8086:3b29] type 0 class 0x000106
 [    1.143814] pci 0000:00:1f.2: reg 10: [io  0x8048-0x804f]
 [    1.143827] pci 0000:00:1f.2: reg 14: [io  0x8054-0x8057]
 [    1.143840] pci 0000:00:1f.2: reg 18: [io  0x8040-0x8047]
 [    1.143854] pci 0000:00:1f.2: reg 1c: [io  0x8050-0x8053]
 [    1.143867] pci 0000:00:1f.2: reg 20: [io  0x8020-0x803f]
 [    1.143880] pci 0000:00:1f.2: reg 24: [mem 0xde105000-0xde1057ff]
 [    1.143933] pci 0000:00:1f.2: PME# supported from D3hot
 [    1.143938] pci 0000:00:1f.2: PME# disabled
 [    1.143964] pci 0000:00:1f.3: [8086:3b30] type 0 class 0x000c05
 [    1.143983] pci 0000:00:1f.3: reg 10: [mem 0xde106000-0xde1060ff 64bit]
 [    1.144010] pci 0000:00:1f.3: reg 20: [io  0x8000-0x801f]
 [    1.144056] pci 0000:00:1f.6: [8086:3b32] type 0 class 0x001180
 [    1.144087] pci 0000:00:1f.6: reg 10: [mem 0xde104000-0xde104fff 64bit]
 [    1.144227] pci 0000:01:00.0: [10de:0a75] type 0 class 0x000300
 [    1.144248] pci 0000:01:00.0: reg 10: [mem 0xd2000000-0xd2ffffff]
 [    1.144269] pci 0000:01:00.0: reg 14: [mem 0xc0000000-0xcfffffff 64bit pref]
 [    1.144291] pci 0000:01:00.0: reg 1c: [mem 0xd0000000-0xd1ffffff 64bit pref]
 [    1.144306] pci 0000:01:00.0: reg 24: [io  0x7000-0x707f]
 [    1.144321] pci 0000:01:00.0: reg 30: [mem 0xfff80000-0xffffffff pref]
 [    1.144405] pci 0000:01:00.1: [10de:0be3] type 0 class 0x000403
 [    1.144425] pci 0000:01:00.1: reg 10: [mem 0xd3000000-0xd3003fff]
 [    1.144570] pci 0000:00:01.0: PCI bridge to [bus 01-01]
 [    1.144575] pci 0000:00:01.0:   bridge window [io  0x7000-0x7fff]
 [    1.144580] pci 0000:00:01.0:   bridge window [mem 0xd2000000-0xd30fffff]
 [    1.144587] pci 0000:00:01.0:   bridge window [mem 0xc0000000-0xd1ffffff 64bit pref]
 [    1.144666] pci 0000:02:00.0: [8086:422c] type 0 class 0x000280
 [    1.144705] pci 0000:02:00.0: reg 10: [mem 0xdd100000-0xdd101fff 64bit]
 [    1.144849] pci 0000:02:00.0: PME# supported from D0 D3hot D3cold
 [    1.144857] pci 0000:02:00.0: PME# disabled
 [    1.144908] pci 0000:00:1c.0: PCI bridge to [bus 02-02]
 [    1.144914] pci 0000:00:1c.0:   bridge window [io  0x6000-0x6fff]
 [    1.144920] pci 0000:00:1c.0:   bridge window [mem 0xdd100000-0xde0fffff]
 [    1.144929] pci 0000:00:1c.0:   bridge window [mem 0xd3100000-0xd40fffff 64bit pref]
 [    1.145031] pci 0000:03:00.0: [1180:e822] type 0 class 0x000805
 [    1.145054] pci 0000:03:00.0: reg 10: [mem 0xdc100a00-0xdc100aff]
 [    1.145178] pci 0000:03:00.0: supports D1 D2
 [    1.145182] pci 0000:03:00.0: PME# supported from D0 D1 D2 D3hot D3cold
 [    1.145221] pci 0000:03:00.0: PME# disabled
 [    1.145268] pci 0000:03:00.1: [1180:e230] type 0 class 0x000880
 [    1.145291] pci 0000:03:00.1: reg 10: [mem 0xdc100900-0xdc1009ff]
 [    1.145414] pci 0000:03:00.1: supports D1 D2
 [    1.145417] pci 0000:03:00.1: PME# supported from D0 D1 D2 D3hot D3cold
 [    1.145456] pci 0000:03:00.1: PME# disabled
 [    1.145502] pci 0000:03:00.3: [1180:e832] type 0 class 0x000c00
 [    1.145527] pci 0000:03:00.3: reg 10: [mem 0xdc100000-0xdc1007ff]
 [    1.145656] pci 0000:03:00.3: supports D1 D2
 [    1.145659] pci 0000:03:00.3: PME# supported from D0 D1 D2 D3hot D3cold
 [    1.145699] pci 0000:03:00.3: PME# disabled
 [    1.145742] pci 0000:03:00.4: [1180:e822] type 0 class 0x000805
 [    1.145765] pci 0000:03:00.4: reg 10: [mem 0xdc100800-0xdc1008ff]
 [    1.145891] pci 0000:03:00.4: supports D1 D2
 [    1.145895] pci 0000:03:00.4: PME# supported from D0 D1 D2 D3hot D3cold
 [    1.145902] pci 0000:03:00.4: PME# disabled
 [    1.145975] pci 0000:00:1c.1: PCI bridge to [bus 03-03]
 [    1.145981] pci 0000:00:1c.1:   bridge window [io  0x5000-0x5fff]
 [    1.145987] pci 0000:00:1c.1:   bridge window [mem 0xdc100000-0xdd0fffff]
 [    1.145995] pci 0000:00:1c.1:   bridge window [mem 0xd4100000-0xd50fffff 64bit pref]
 [    1.146067] pci 0000:04:00.0: [1969:1063] type 0 class 0x000200
 [    1.146095] pci 0000:04:00.0: reg 10: [mem 0xdb100000-0xdb13ffff 64bit]
 [    1.146112] pci 0000:04:00.0: reg 18: [io  0x4000-0x407f]
 [    1.146206] pci 0000:04:00.0: PME# supported from D0 D1 D2 D3hot D3cold
 [    1.146213] pci 0000:04:00.0: PME# disabled
 [    1.146250] pci 0000:00:1c.2: PCI bridge to [bus 04-04]
 [    1.146256] pci 0000:00:1c.2:   bridge window [io  0x4000-0x4fff]
 [    1.146262] pci 0000:00:1c.2:   bridge window [mem 0xdb100000-0xdc0fffff]
 [    1.146271] pci 0000:00:1c.2:   bridge window [mem 0xd5100000-0xd60fffff 64bit pref]
 [    1.146322] pci 0000:00:1c.3: PCI bridge to [bus 05-05]
 [    1.146327] pci 0000:00:1c.3:   bridge window [io  0x3000-0x3fff]
 [    1.146333] pci 0000:00:1c.3:   bridge window [mem 0xda100000-0xdb0fffff]
 [    1.146342] pci 0000:00:1c.3:   bridge window [mem 0xd6100000-0xd70fffff 64bit pref]
 [    1.146392] pci 0000:00:1c.4: PCI bridge to [bus 06-0d]
 [    1.146398] pci 0000:00:1c.4:   bridge window [io  0x2000-0x2fff]
 [    1.146404] pci 0000:00:1c.4:   bridge window [mem 0xd8100000-0xda0fffff]
 [    1.146413] pci 0000:00:1c.4:   bridge window [mem 0xd7100000-0xd80fffff 64bit pref]
 [    1.146504] pci 0000:00:1e.0: PCI bridge to [bus 10-10] (subtractive decode)
 [    1.146511] pci 0000:00:1e.0:   bridge window [io  0xf000-0x0000] (disabled)
 [    1.146518] pci 0000:00:1e.0:   bridge window [mem 0xfff00000-0x000fffff] (disabled)
 [    1.146528] pci 0000:00:1e.0:   bridge window [mem 0xfff00000-0x000fffff pref] (disabled)
 [    1.146533] pci 0000:00:1e.0:   bridge window [io  0x0000-0x0cf7] (subtractive decode)
 [    1.146537] pci 0000:00:1e.0:   bridge window [io  0x0d00-0xffff] (subtractive decode)
 [    1.146541] pci 0000:00:1e.0:   bridge window [mem 0x000a0000-0x000bffff] (subtractive decode)
 [    1.146545] pci 0000:00:1e.0:   bridge window [mem 0xc0000000-0xfeafffff] (subtractive decode)
 [    1.146584] ACPI: PCI Interrupt Routing Table [\_SB_.PCI0._PRT]
 [    1.146841] ACPI: PCI Interrupt Routing Table [\_SB_.PCI0.P0P2._PRT]
 [    1.146914] ACPI: PCI Interrupt Routing Table [\_SB_.PCI0.P0P1._PRT]
 [    1.147052] ACPI: PCI Interrupt Routing Table [\_SB_.PCI0.RP01._PRT]
 [    1.147117] ACPI: PCI Interrupt Routing Table [\_SB_.PCI0.RP02._PRT]
 [    1.147187] ACPI: PCI Interrupt Routing Table [\_SB_.PCI0.RP03._PRT]
 [    1.147250] ACPI: PCI Interrupt Routing Table [\_SB_.PCI0.RP04._PRT]
 [    1.147312] ACPI: PCI Interrupt Routing Table [\_SB_.PCI0.RP05._PRT]
 [    1.147463] \_SB_.PCI0:_OSC invalid UUID
 [    1.147466] _OSC request data:1 1f 1f 
 [    1.147473]  pci0000:00: Requesting ACPI _OSC control (0x1d)
 [    1.147535] \_SB_.PCI0:_OSC invalid UUID
 [    1.147537] _OSC request data:1 0 1d 
 [    1.147544]  pci0000:00: ACPI _OSC request failed (AE_ERROR), returned control mask: 0x1d
 [    1.147547] ACPI _OSC control for PCIe not granted, disabling ASPM
 [    1.163816] ACPI: PCI Root Bridge [CPBG] (domain 0000 [bus ff])
 [    1.163938] pci 0000:ff:00.0: [8086:2c62] type 0 class 0x000600
 [    1.163973] pci 0000:ff:00.1: [8086:2d01] type 0 class 0x000600
 [    1.164010] pci 0000:ff:02.0: [8086:2d10] type 0 class 0x000600
 [    1.164041] pci 0000:ff:02.1: [8086:2d11] type 0 class 0x000600
 [    1.164071] pci 0000:ff:02.2: [8086:2d12] type 0 class 0x000600
 [    1.164102] pci 0000:ff:02.3: [8086:2d13] type 0 class 0x000600
 [    1.164160]  pci0000:ff: Requesting ACPI _OSC control (0x1d)
 [    1.164165]  pci0000:ff: ACPI _OSC request failed (AE_NOT_FOUND), returned control mask: 0x1d
 [    1.164168] ACPI _OSC control for PCIe not granted, disabling ASPM
 [    1.164543] ACPI: PCI Interrupt Link [LNKA] (IRQs 1 3 4 *5 6 7 10 12 14 15)
 [    1.164623] ACPI: PCI Interrupt Link [LNKB] (IRQs 1 3 4 5 6 7 11 12 14 15) *10
 [    1.164701] ACPI: PCI Interrupt Link [LNKC] (IRQs 1 3 4 5 6 7 10 12 14 15) *11
 [    1.164778] ACPI: PCI Interrupt Link [LNKD] (IRQs 1 3 4 *5 6 7 11 12 14 15)
 [    1.164854] ACPI: PCI Interrupt Link [LNKE] (IRQs 1 3 4 5 6 7 10 12 14 15) *0, disabled.
 [    1.164932] ACPI: PCI Interrupt Link [LNKF] (IRQs 1 3 4 5 6 7 *11 12 14 15)
 [    1.165008] ACPI: PCI Interrupt Link [LNKG] (IRQs 1 3 4 5 6 7 10 12 14 15) *11
 [    1.165084] ACPI: PCI Interrupt Link [LNKH] (IRQs 1 3 4 5 6 7 11 12 14 15) *10
 [    1.165251] vgaarb: device added: PCI:0000:01:00.0,decodes=io+mem,owns=io+mem,locks=none
 [    1.165263] vgaarb: loaded
 [    1.165265] vgaarb: bridge control possible 0000:01:00.0
 [    1.165550] SCSI subsystem initialized
 [    1.165621] libata version 3.00 loaded.
 [    1.165690] usbcore: registered new interface driver usbfs
 [    1.165705] usbcore: registered new interface driver hub
 [    1.165744] usbcore: registered new device driver usb
 [    1.165864] PCI: Using ACPI for IRQ routing
 [    1.175968] PCI: pci_cache_line_size set to 64 bytes
 [    1.176106] reserve RAM buffer: 000000000009e000 - 000000000009ffff 
 [    1.176114] reserve RAM buffer: 00000000bf681000 - 00000000bfffffff 
 [    1.176119] reserve RAM buffer: 00000000bf75d000 - 00000000bfffffff 
 [    1.176123] reserve RAM buffer: 00000000bf7e6000 - 00000000bfffffff 
 [    1.176126] reserve RAM buffer: 00000000bf800000 - 00000000bfffffff 
 [    1.176270] NetLabel: Initializing
 [    1.176273] NetLabel:  domain hash size = 128
 [    1.176275] NetLabel:  protocols = UNLABELED CIPSOv4
 [    1.176294] NetLabel:  unlabeled traffic allowed by default
 [    1.176353] hpet0: at MMIO 0xfed00000, IRQs 2, 8, 0, 0, 0, 0, 0, 0
 [    1.176364] hpet0: 8 comparators, 64-bit 14.318180 MHz counter
 [    1.178394] Switching to clocksource hpet
 [    1.181458] Switched to NOHz mode on CPU #0
 [    1.181554] Switched to NOHz mode on CPU #2
 [    1.181579] Switched to NOHz mode on CPU #1
 [    1.181629] Switched to NOHz mode on CPU #3
 [    1.187574] AppArmor: AppArmor Filesystem Enabled
 [    1.187612] pnp: PnP ACPI init
 [    1.187635] ACPI: bus type pnp registered
 [    1.188270] pnp 00:00: [bus 00-fe]
 [    1.188276] pnp 00:00: [io  0x0000-0x0cf7 window]
 [    1.188279] pnp 00:00: [io  0x0cf8-0x0cff]
 [    1.188283] pnp 00:00: [io  0x0d00-0xffff window]
 [    1.188286] pnp 00:00: [mem 0x000a0000-0x000bffff window]
 [    1.188290] pnp 00:00: [mem 0x000c0000-0x000c3fff window]
 [    1.188293] pnp 00:00: [mem 0x000c4000-0x000c7fff window]
 [    1.188297] pnp 00:00: [mem 0x000c8000-0x000cbfff window]
 [    1.188301] pnp 00:00: [mem 0x000cc000-0x000cffff window]
 [    1.188304] pnp 00:00: [mem 0x000d0000-0x000d3fff window]
 [    1.188307] pnp 00:00: [mem 0x000d4000-0x000d7fff window]
 [    1.188311] pnp 00:00: [mem 0x000d8000-0x000dbfff window]
 [    1.188314] pnp 00:00: [mem 0x000dc000-0x000dffff window]
 [    1.188318] pnp 00:00: [mem 0x000e0000-0x000e3fff window]
 [    1.188321] pnp 00:00: [mem 0x000e4000-0x000e7fff window]
 [    1.188325] pnp 00:00: [mem 0x000e8000-0x000ebfff window]
 [    1.188328] pnp 00:00: [mem 0x000ec000-0x000effff window]
 [    1.188332] pnp 00:00: [mem 0x000f0000-0x000fffff window]
 [    1.188336] pnp 00:00: [mem 0xc0000000-0xfeafffff window]
 [    1.188339] pnp 00:00: [mem 0xfed40000-0xfed44fff window]
 [    1.188469] pnp 00:00: Plug and Play ACPI device, IDs PNP0a08 PNP0a03 (active)
 [    1.188826] pnp 00:01: [io  0x0000-0x001f]
 [    1.188830] pnp 00:01: [io  0x0081-0x0091]
 [    1.188833] pnp 00:01: [io  0x0093-0x009f]
 [    1.188836] pnp 00:01: [io  0x00c0-0x00df]
 [    1.188840] pnp 00:01: [dma 4]
 [    1.188895] pnp 00:01: Plug and Play ACPI device, IDs PNP0200 (active)
 [    1.188910] pnp 00:02: [mem 0xff000000-0xffffffff]
 [    1.188950] pnp 00:02: Plug and Play ACPI device, IDs INT0800 (active)
 [    1.189121] pnp 00:03: [mem 0xfed00000-0xfed003ff]
 [    1.189168] pnp 00:03: Plug and Play ACPI device, IDs PNP0103 (active)
 [    1.189186] pnp 00:04: [io  0x00f0]
 [    1.189200] pnp 00:04: [irq 13]
 [    1.189241] pnp 00:04: Plug and Play ACPI device, IDs PNP0c04 (active)
 [    1.189259] pnp 00:05: [io  0x002e-0x002f]
 [    1.189262] pnp 00:05: [io  0x004e-0x004f]
 [    1.189265] pnp 00:05: [io  0x0061]
 [    1.189268] pnp 00:05: [io  0x0063]
 [    1.189271] pnp 00:05: [io  0x0065]
 [    1.189274] pnp 00:05: [io  0x0067]
 [    1.189276] pnp 00:05: [io  0x0070]
 [    1.189279] pnp 00:05: [io  0x0080]
 [    1.189282] pnp 00:05: [io  0x0092]
 [    1.189285] pnp 00:05: [io  0x00b2-0x00b3]
 [    1.189288] pnp 00:05: [io  0x0680-0x069f]
 [    1.189291] pnp 00:05: [io  0x0800-0x080f]
 [    1.189294] pnp 00:05: [io  0x0810-0x0813]
 [    1.189297] pnp 00:05: [io  0xffff]
 [    1.189299] pnp 00:05: [io  0x0400-0x047f]
 [    1.189302] pnp 00:05: [io  0x0500-0x057f]
 [    1.189305] pnp 00:05: [io  0x164e-0x164f]
 [    1.189407] system 00:05: [io  0x0680-0x069f] has been reserved
 [    1.189412] system 00:05: [io  0x0800-0x080f] has been reserved
 [    1.189416] system 00:05: [io  0x0810-0x0813] has been reserved
 [    1.189420] system 00:05: [io  0xffff] has been reserved
 [    1.189424] system 00:05: [io  0x0400-0x047f] has been reserved
 [    1.189429] system 00:05: [io  0x0500-0x057f] has been reserved
 [    1.189433] system 00:05: [io  0x164e-0x164f] has been reserved
 [    1.189438] system 00:05: Plug and Play ACPI device, IDs PNP0c02 (active)
 [    1.189453] pnp 00:06: [io  0x0070-0x0077]
 [    1.189462] pnp 00:06: [irq 8]
 [    1.189507] pnp 00:06: Plug and Play ACPI device, IDs PNP0b00 (active)
 [    1.189524] pnp 00:07: [io  0x0060]
 [    1.189527] pnp 00:07: [io  0x0064]
 [    1.189534] pnp 00:07: [irq 1]
 [    1.189576] pnp 00:07: Plug and Play ACPI device, IDs PNP0303 (active)
 [    1.189606] pnp 00:08: [irq 12]
 [    1.189653] pnp 00:08: Plug and Play ACPI device, IDs SNY9012 PNP0f13 (active)
 [    1.190189] pnp 00:09: [mem 0xfed1c000-0xfed1ffff]
 [    1.190193] pnp 00:09: [mem 0xfed10000-0xfed13fff]
 [    1.190196] pnp 00:09: [mem 0xfed18000-0xfed18fff]
 [    1.190199] pnp 00:09: [mem 0xfed19000-0xfed19fff]
 [    1.190203] pnp 00:09: [mem 0xe0000000-0xefffffff]
 [    1.190206] pnp 00:09: [mem 0xfed20000-0xfed3ffff]
 [    1.190209] pnp 00:09: [mem 0xfed90000-0xfed8ffff disabled]
 [    1.190213] pnp 00:09: [mem 0xfed45000-0xfed8ffff]
 [    1.190216] pnp 00:09: [mem 0xff000000-0xffffffff]
 [    1.190219] pnp 00:09: [mem 0xfee00000-0xfeefffff]
 [    1.190225] pnp 00:09: [mem 0xde200000-0xde200fff]
 [    1.190357] system 00:09: [mem 0xfed1c000-0xfed1ffff] has been reserved
 [    1.190362] system 00:09: [mem 0xfed10000-0xfed13fff] has been reserved
 [    1.190367] system 00:09: [mem 0xfed18000-0xfed18fff] has been reserved
 [    1.190371] system 00:09: [mem 0xfed19000-0xfed19fff] has been reserved
 [    1.190376] system 00:09: [mem 0xe0000000-0xefffffff] has been reserved
 [    1.190381] system 00:09: [mem 0xfed20000-0xfed3ffff] has been reserved
 [    1.190385] system 00:09: [mem 0xfed45000-0xfed8ffff] has been reserved
 [    1.190390] system 00:09: [mem 0xff000000-0xffffffff] could not be reserved
 [    1.190395] system 00:09: [mem 0xfee00000-0xfeefffff] could not be reserved
 [    1.190399] system 00:09: [mem 0xde200000-0xde200fff] has been reserved
 [    1.190405] system 00:09: Plug and Play ACPI device, IDs PNP0c02 (active)
 [    1.190705] pnp 00:0a: [bus ff]
 [    1.190783] pnp 00:0a: Plug and Play ACPI device, IDs PNP0a03 (active)
 [    1.190811] pnp: PnP ACPI: found 11 devices
 [    1.190813] ACPI: ACPI bus type pnp unregistered
 [    1.197502] pci 0000:01:00.0: no compatible bridge window for [mem 0xfff80000-0xffffffff pref]
 [    1.197519] PCI: max bus depth: 1 pci_try_num: 2
 [    1.197583] pci 0000:01:00.0: BAR 6: assigned [mem 0xd3080000-0xd30fffff pref]
 [    1.197588] pci 0000:00:01.0: PCI bridge to [bus 01-01]
 [    1.197593] pci 0000:00:01.0:   bridge window [io  0x7000-0x7fff]
 [    1.197598] pci 0000:00:01.0:   bridge window [mem 0xd2000000-0xd30fffff]
 [    1.197604] pci 0000:00:01.0:   bridge window [mem 0xc0000000-0xd1ffffff 64bit pref]
 [    1.197611] pci 0000:00:1c.0: PCI bridge to [bus 02-02]
 [    1.197615] pci 0000:00:1c.0:   bridge window [io  0x6000-0x6fff]
 [    1.197623] pci 0000:00:1c.0:   bridge window [mem 0xdd100000-0xde0fffff]
 [    1.197629] pci 0000:00:1c.0:   bridge window [mem 0xd3100000-0xd40fffff 64bit pref]
 [    1.197639] pci 0000:00:1c.1: PCI bridge to [bus 03-03]
 [    1.197644] pci 0000:00:1c.1:   bridge window [io  0x5000-0x5fff]
 [    1.197651] pci 0000:00:1c.1:   bridge window [mem 0xdc100000-0xdd0fffff]
 [    1.197657] pci 0000:00:1c.1:   bridge window [mem 0xd4100000-0xd50fffff 64bit pref]
 [    1.197667] pci 0000:00:1c.2: PCI bridge to [bus 04-04]
 [    1.197671] pci 0000:00:1c.2:   bridge window [io  0x4000-0x4fff]
 [    1.197678] pci 0000:00:1c.2:   bridge window [mem 0xdb100000-0xdc0fffff]
 [    1.197685] pci 0000:00:1c.2:   bridge window [mem 0xd5100000-0xd60fffff 64bit pref]
 [    1.197694] pci 0000:00:1c.3: PCI bridge to [bus 05-05]
 [    1.197699] pci 0000:00:1c.3:   bridge window [io  0x3000-0x3fff]
 [    1.197705] pci 0000:00:1c.3:   bridge window [mem 0xda100000-0xdb0fffff]
 [    1.197712] pci 0000:00:1c.3:   bridge window [mem 0xd6100000-0xd70fffff 64bit pref]
 [    1.197721] pci 0000:00:1c.4: PCI bridge to [bus 06-0d]
 [    1.197725] pci 0000:00:1c.4:   bridge window [io  0x2000-0x2fff]
 [    1.197733] pci 0000:00:1c.4:   bridge window [mem 0xd8100000-0xda0fffff]
 [    1.197739] pci 0000:00:1c.4:   bridge window [mem 0xd7100000-0xd80fffff 64bit pref]
 [    1.197749] pci 0000:00:1e.0: PCI bridge to [bus 10-10]
 [    1.197752] pci 0000:00:1e.0:   bridge window [io  disabled]
 [    1.197758] pci 0000:00:1e.0:   bridge window [mem disabled]
 [    1.197764] pci 0000:00:1e.0:   bridge window [mem pref disabled]
 [    1.197791] pci 0000:00:01.0: PCI INT A -> GSI 16 (level, low) -> IRQ 16
 [    1.197797] pci 0000:00:01.0: setting latency timer to 64
 [    1.197813] pci 0000:00:1c.0: PCI INT A -> GSI 17 (level, low) -> IRQ 17
 [    1.197820] pci 0000:00:1c.0: setting latency timer to 64
 [    1.197829] pci 0000:00:1c.1: PCI INT B -> GSI 16 (level, low) -> IRQ 16
 [    1.197836] pci 0000:00:1c.1: setting latency timer to 64
 [    1.197851] pci 0000:00:1c.2: PCI INT C -> GSI 18 (level, low) -> IRQ 18
 [    1.197857] pci 0000:00:1c.2: setting latency timer to 64
 [    1.197871] pci 0000:00:1c.3: PCI INT D -> GSI 19 (level, low) -> IRQ 19
 [    1.197877] pci 0000:00:1c.3: setting latency timer to 64
 [    1.197886] pci 0000:00:1c.4: PCI INT A -> GSI 17 (level, low) -> IRQ 17
 [    1.197892] pci 0000:00:1c.4: setting latency timer to 64
 [    1.197902] pci 0000:00:1e.0: setting latency timer to 64
 [    1.197908] pci_bus 0000:00: resource 4 [io  0x0000-0x0cf7]
 [    1.197912] pci_bus 0000:00: resource 5 [io  0x0d00-0xffff]
 [    1.197916] pci_bus 0000:00: resource 6 [mem 0x000a0000-0x000bffff]
 [    1.197920] pci_bus 0000:00: resource 7 [mem 0xc0000000-0xfeafffff]
 [    1.197924] pci_bus 0000:01: resource 0 [io  0x7000-0x7fff]
 [    1.197927] pci_bus 0000:01: resource 1 [mem 0xd2000000-0xd30fffff]
 [    1.197931] pci_bus 0000:01: resource 2 [mem 0xc0000000-0xd1ffffff 64bit pref]
 [    1.197936] pci_bus 0000:02: resource 0 [io  0x6000-0x6fff]
 [    1.197939] pci_bus 0000:02: resource 1 [mem 0xdd100000-0xde0fffff]
 [    1.197943] pci_bus 0000:02: resource 2 [mem 0xd3100000-0xd40fffff 64bit pref]
 [    1.197947] pci_bus 0000:03: resource 0 [io  0x5000-0x5fff]
 [    1.197951] pci_bus 0000:03: resource 1 [mem 0xdc100000-0xdd0fffff]
 [    1.197955] pci_bus 0000:03: resource 2 [mem 0xd4100000-0xd50fffff 64bit pref]
 [    1.197959] pci_bus 0000:04: resource 0 [io  0x4000-0x4fff]
 [    1.197963] pci_bus 0000:04: resource 1 [mem 0xdb100000-0xdc0fffff]
 [    1.197967] pci_bus 0000:04: resource 2 [mem 0xd5100000-0xd60fffff 64bit pref]
 [    1.197971] pci_bus 0000:05: resource 0 [io  0x3000-0x3fff]
 [    1.197974] pci_bus 0000:05: resource 1 [mem 0xda100000-0xdb0fffff]
 [    1.197978] pci_bus 0000:05: resource 2 [mem 0xd6100000-0xd70fffff 64bit pref]
 [    1.197982] pci_bus 0000:06: resource 0 [io  0x2000-0x2fff]
 [    1.197986] pci_bus 0000:06: resource 1 [mem 0xd8100000-0xda0fffff]
 [    1.197990] pci_bus 0000:06: resource 2 [mem 0xd7100000-0xd80fffff 64bit pref]
 [    1.197994] pci_bus 0000:10: resource 4 [io  0x0000-0x0cf7]
 [    1.197998] pci_bus 0000:10: resource 5 [io  0x0d00-0xffff]
 [    1.198001] pci_bus 0000:10: resource 6 [mem 0x000a0000-0x000bffff]
 [    1.198005] pci_bus 0000:10: resource 7 [mem 0xc0000000-0xfeafffff]
 [    1.198065] NET: Registered protocol family 2
 [    1.198475] IP route cache hash table entries: 262144 (order: 9, 2097152 bytes)
 [    1.200287] TCP established hash table entries: 524288 (order: 11, 8388608 bytes)
 [    1.205456] TCP bind hash table entries: 65536 (order: 8, 1048576 bytes)
 [    1.206077] TCP: Hash tables configured (established 524288 bind 65536)
 [    1.206081] TCP reno registered
 [    1.206108] UDP hash table entries: 4096 (order: 5, 131072 bytes)
 [    1.206242] UDP-Lite hash table entries: 4096 (order: 5, 131072 bytes)
 [    1.206534] NET: Registered protocol family 1
 [    1.238301] pci 0000:01:00.0: Boot video device
 [    1.238354] PCI: CLS 64 bytes, default 64
 [    1.238357] PCI-DMA: Using software bounce buffering for IO (SWIOTLB)
 [    1.238362] Placing 64MB software IO TLB between ffff8800bb681000 - ffff8800bf681000
 [    1.238365] software IO TLB at phys 0xbb681000 - 0xbf681000
 [    1.238387] Simple Boot Flag at 0x44 set to 0x1
 [    1.239078] audit: initializing netlink socket (disabled)
 [    1.239092] type=2000 audit(1323376068.068:1): initialized
 [    1.291379] HugeTLB registered 2 MB page size, pre-allocated 0 pages
 [    1.319857] VFS: Disk quotas dquot_6.5.2
 [    1.319957] Dquot-cache hash table entries: 512 (order 0, 4096 bytes)
 [    1.321004] fuse init (API version 7.16)
 [    1.321148] msgmni has been set to 11688
 [    1.321718] Block layer SCSI generic (bsg) driver version 0.4 loaded (major 253)
 [    1.321761] io scheduler noop registered
 [    1.321766] io scheduler deadline registered
 [    1.321835] io scheduler cfq registered (default)
 [    1.322011] pcieport 0000:00:01.0: setting latency timer to 64
 [    1.322059] pcieport 0000:00:01.0: irq 40 for MSI/MSI-X
 [    1.322411] pci_hotplug: PCI Hot Plug PCI Core version: 0.5
 [    1.322446] pciehp: PCI Express Hot Plug Controller Driver version: 0.4
 [    1.322507] intel_idle: MWAIT substates: 0x1120
 [    1.322510] intel_idle: v0.4 model 0x25
 [    1.322513] intel_idle: lapic_timer_reliable_states 0xffffffff
 [    1.322664] ACPI: Deprecated procfs I/F for AC is loaded, please retry with CONFIG_ACPI_PROCFS_POWER cleared
 [    1.322731] ACPI: AC Adapter [AC] (off-line)
 [    1.322902] input: Power Button as /devices/LNXSYSTM:00/device:00/PNP0C0C:00/input/input0
 [    1.322910] ACPI: Power Button [PWRB]
 [    1.322970] input: Lid Switch as /devices/LNXSYSTM:00/device:00/PNP0C0D:00/input/input1
 [    1.322997] ACPI: Lid Switch [LID0]
 [    1.323054] input: Power Button as /devices/LNXSYSTM:00/LNXPWRBN:00/input/input2
 [    1.323060] ACPI: Power Button [PWRF]
 [    1.323102] ACPI: acpi_idle yielding to intel_idle
 [    1.326847] thermal LNXTHERM:00: registered as thermal_zone0
 [    1.326852] ACPI: Thermal Zone [THRM] (29 C)
 [    1.326892] ACPI: Deprecated procfs I/F for battery is loaded, please retry with CONFIG_ACPI_PROCFS_POWER cleared
 [    1.326922] ERST: Table is not found!
 [    1.326983] ACPI: Battery Slot [BAT1] (battery absent)
 [    1.327022] Serial: 8250/16550 driver, 32 ports, IRQ sharing enabled
 [    2.041450] Linux agpgart interface v0.103
 [    2.043230] brd: module loaded
 [    2.043985] loop: module loaded
 [    2.044597] Fixed MDIO Bus: probed
 [    2.044630] PPP generic driver version 2.4.2
 [    2.044679] tun: Universal TUN/TAP device driver, 1.6
 [    2.044682] tun: (C) 1999-2004 Max Krasnyansky <maxk@qualcomm.com>
 [    2.044791] ehci_hcd: USB 2.0 'Enhanced' Host Controller (EHCI) Driver
 [    2.044817] ehci_hcd 0000:00:1a.0: PCI INT A -> GSI 16 (level, low) -> IRQ 16
 [    2.044849] ehci_hcd 0000:00:1a.0: setting latency timer to 64
 [    2.044869] ehci_hcd 0000:00:1a.0: EHCI Host Controller
 [    2.044920] ehci_hcd 0000:00:1a.0: new USB bus registered, assigned bus number 1
 [    2.044962] ehci_hcd 0000:00:1a.0: debug port 2
 [    2.048890] ehci_hcd 0000:00:1a.0: cache line size of 64 is not supported
 [    2.048918] ehci_hcd 0000:00:1a.0: irq 16, io mem 0xde105c00
 [    2.060843] ehci_hcd 0000:00:1a.0: USB 2.0 started, EHCI 1.00
 [    2.061024] hub 1-0:1.0: USB hub found
 [    2.061031] hub 1-0:1.0: 3 ports detected
 [    2.061134] ehci_hcd 0000:00:1d.0: PCI INT A -> GSI 23 (level, low) -> IRQ 23
 [    2.061155] ehci_hcd 0000:00:1d.0: setting latency timer to 64
 [    2.061161] ehci_hcd 0000:00:1d.0: EHCI Host Controller
 [    2.061211] ehci_hcd 0000:00:1d.0: new USB bus registered, assigned bus number 2
 [    2.061248] ehci_hcd 0000:00:1d.0: debug port 2
 [    2.065177] ehci_hcd 0000:00:1d.0: cache line size of 64 is not supported
 [    2.065198] ehci_hcd 0000:00:1d.0: irq 23, io mem 0xde105800
 [    2.080807] ehci_hcd 0000:00:1d.0: USB 2.0 started, EHCI 1.00
 [    2.080963] hub 2-0:1.0: USB hub found
 [    2.080970] hub 2-0:1.0: 3 ports detected
 [    2.081064] ohci_hcd: USB 1.1 'Open' Host Controller (OHCI) Driver
 [    2.081082] uhci_hcd: USB Universal Host Controller Interface driver
 [    2.081165] i8042: PNP: PS/2 Controller [PNP0303:PS2K,PNP0f13:MOUE] at 0x60,0x64 irq 1,12
 [    2.082962] serio: i8042 KBD port at 0x60,0x64 irq 1
 [    2.082972] serio: i8042 AUX port at 0x60,0x64 irq 12
 [    2.083133] mousedev: PS/2 mouse device common for all mice
 [    2.083319] rtc_cmos 00:06: RTC can wake from S4
 [    2.083440] rtc_cmos 00:06: rtc core: registered rtc_cmos as rtc0
 [    2.083472] rtc0: alarms up to one year, y3k, 242 bytes nvram, hpet irqs
 [    2.083631] device-mapper: uevent: version 1.0.3
 [    2.083740] device-mapper: ioctl: 4.20.0-ioctl (2011-02-02) initialised: dm-devel@redhat.com
 [    2.083899] cpuidle: using governor ladder
 [    2.084143] cpuidle: using governor menu
 [    2.084147] EFI Variables Facility v0.08 2004-May-17
 [    2.084528] TCP cubic registered
 [    2.084723] NET: Registered protocol family 10
 [    2.085546] NET: Registered protocol family 17
 [    2.085568] Registering the dns_resolver key type
 [    2.085698] PM: Hibernation image not present or could not be loaded.
 [    2.085715] registered taskstats version 1
 [    2.109286]   Magic number: 7:685:497
 [    2.109459] rtc_cmos 00:06: setting system clock to 2011-12-08 20:27:49 UTC (1323376069)
 [    2.110803] BIOS EDD facility v0.16 2004-Jun-25, 0 devices found
 [    2.110805] EDD information not available.
 [    2.112265] Freeing unused kernel memory: 984k freed
 [    2.112459] Write protecting the kernel read-only data: 10240k
 [    2.112519] input: AT Translated Set 2 keyboard as /devices/platform/i8042/serio0/input/input3
 [    2.112884] Freeing unused kernel memory: 20k freed
 [    2.116301] Freeing unused kernel memory: 1396k freed
 [    2.133679] udevd[90]: starting version 173
 [    2.167141] sdhci: Secure Digital Host Controller Interface driver
 [    2.167145] sdhci: Copyright(c) Pierre Ossman
 [    2.167413] sdhci-pci 0000:03:00.0: SDHCI controller found [1180:e822] (rev 0)
 [    2.167437] sdhci-pci 0000:03:00.0: PCI INT A -> GSI 17 (level, low) -> IRQ 17
 [    2.167472] sdhci-pci 0000:03:00.0: Will use DMA mode even though HW doesn't fully claim to support it.
 [    2.167480] sdhci-pci 0000:03:00.0: setting latency timer to 64
 [    2.167508] mmc0: no vmmc regulator found
 [    2.167540] Registered led device: mmc0::
 [    2.167581] mmc0: SDHCI controller on PCI [0000:03:00.0] using DMA
 [    2.167594] sdhci-pci 0000:03:00.4: SDHCI controller found [1180:e822] (rev 0)
 [    2.167606] sdhci-pci 0000:03:00.4: PCI INT C -> GSI 19 (level, low) -> IRQ 19
 [    2.167623] sdhci-pci 0000:03:00.4: Will use DMA mode even though HW doesn't fully claim to support it.
 [    2.167630] sdhci-pci 0000:03:00.4: setting latency timer to 64
 [    2.167650] mmc1: no vmmc regulator found
 [    2.167681] Registered led device: mmc1::
 [    2.167720] mmc1: SDHCI controller on PCI [0000:03:00.4] using DMA
 [    2.176394] firewire_ohci 0000:03:00.3: PCI INT D -> GSI 16 (level, low) -> IRQ 16
 [    2.176402] firewire_ohci 0000:03:00.3: setting latency timer to 64
 [    2.181922] atl1c 0000:04:00.0: PCI INT A -> GSI 18 (level, low) -> IRQ 18
 [    2.181936] atl1c 0000:04:00.0: setting latency timer to 64
 [    2.188889] ahci 0000:00:1f.2: version 3.0
 [    2.188908] ahci 0000:00:1f.2: PCI INT B -> GSI 19 (level, low) -> IRQ 19
 [    2.188975] ahci 0000:00:1f.2: irq 41 for MSI/MSI-X
 [    2.189008] ahci: SSS flag set, parallel bus scan disabled
 [    2.189032] ahci 0000:00:1f.2: AHCI 0001.0300 32 slots 4 ports 3 Gbps 0x3 impl SATA mode
 [    2.189036] ahci 0000:00:1f.2: flags: 64bit ncq sntf stag pm led clo pio slum part apst 
 [    2.189042] ahci 0000:00:1f.2: setting latency timer to 64
 [    2.189552] scsi0 : ahci
 [    2.189826] scsi1 : ahci
 [    2.190513] scsi2 : ahci
 [    2.190590] scsi3 : ahci
 [    2.190687] ata1: SATA max UDMA/133 abar m2048@0xde105000 port 0xde105100 irq 41
 [    2.190692] ata2: SATA max UDMA/133 abar m2048@0xde105000 port 0xde105180 irq 41
 [    2.190694] ata3: DUMMY
 [    2.190695] ata4: DUMMY
 [    2.236653] Refined TSC clocksource calibration: 2393.998 MHz.
 [    2.236661] Switching to clocksource tsc
 [    2.236781] firewire_ohci 0000:03:00.3: irq 42 for MSI/MSI-X
 [    2.236849] firewire_ohci: Added fw-ohci device 0000:03:00.3, OHCI v1.0, 4 IR + 4 IT contexts, quirks 0x1
 [    2.293141] atl1c 0000:04:00.0: version 1.0.1.0-NAPI
 [    2.372308] usb 1-1: new high speed USB device number 2 using ehci_hcd
 [    2.504799] hub 1-1:1.0: USB hub found
 [    2.504886] hub 1-1:1.0: 6 ports detected
 [    2.508128] ata1: SATA link up 3.0 Gbps (SStatus 123 SControl 300)
 [    2.508394] ata1.00: ACPI cmd f5/00:00:00:00:00:a0 (SECURITY FREEZE LOCK) filtered out
 [    2.508477] ata1.00: ATA-8: TOSHIBA THNS128GG4BBAA, AGSA0203, max UDMA/100
 [    2.508482] ata1.00: 250069680 sectors, multi 16: LBA48 
 [    2.508753] ata1.00: ACPI cmd f5/00:00:00:00:00:a0 (SECURITY FREEZE LOCK) filtered out
 [    2.508901] ata1.00: configured for UDMA/100
 [    2.509103] scsi 0:0:0:0: Direct-Access     ATA      TOSHIBA THNS128G AGSA PQ: 0 ANSI: 5
 [    2.509244] sd 0:0:0:0: [sda] 250069680 512-byte logical blocks: (128 GB/119 GiB)
 [    2.509269] sd 0:0:0:0: Attached scsi generic sg0 type 0
 [    2.509294] sd 0:0:0:0: [sda] Write Protect is off
 [    2.509297] sd 0:0:0:0: [sda] Mode Sense: 00 3a 00 00
 [    2.509319] sd 0:0:0:0: [sda] Write cache: enabled, read cache: enabled, doesn't support DPO or FUA
 [    2.510033]  sda: sda1 sda2
 [    2.510319] sd 0:0:0:0: [sda] Attached SCSI disk
 [    2.615987] usb 2-1: new high speed USB device number 2 using ehci_hcd
 [    2.735826] firewire_core: created device fw0: GUID 0800460304ff657b, S400
 [    2.748398] hub 2-1:1.0: USB hub found
 [    2.748631] hub 2-1:1.0: 8 ports detected
 [    2.819741] usb 1-1.1: new full speed USB device number 3 using ehci_hcd
 [    2.827587] ata2: SATA link up 1.5 Gbps (SStatus 113 SControl 300)
 [    2.829412] ata2.00: ATAPI: Optiarc DVD RW AD-7930H, 1.V0, max UDMA/100
 [    2.836209] ata2.00: configured for UDMA/100
 [    2.863274] scsi 1:0:0:0: CD-ROM            Optiarc  DVD RW AD-7930H  1.V0 PQ: 0 ANSI: 5
 [    2.879990] sr0: scsi3-mmc drive: 24x/24x writer dvd-ram cd/rw xa/form2 cdda tray
 [    2.879995] cdrom: Uniform CD-ROM driver Revision: 3.20
 [    2.880161] sr 1:0:0:0: Attached scsi CD-ROM sr0
 [    2.880297] sr 1:0:0:0: Attached scsi generic sg1 type 5
 [    2.943023] EXT4-fs (sda1): mounted filesystem with ordered data mode. Opts: (null)
 [    2.983464] usb 1-1.2: new high speed USB device number 4 using ehci_hcd
 [    3.151167] usb 1-1.6: new full speed USB device number 5 using ehci_hcd
 [    3.334158] udevd[344]: starting version 173
 [    3.337230] Adding 7812092k swap on /dev/sda2.  Priority:-1 extents:1 across:7812092k SS
 [    3.385043] lp: driver loaded but no devices found
 [    3.462600] EXT4-fs (sda1): re-mounted. Opts: errors=remount-ro
 [    3.488092] mei: module is from the staging directory, the quality is unknown, you have been warned.
 [    3.488484] mei 0000:00:16.0: PCI INT A -> GSI 16 (level, low) -> IRQ 16
 [    3.488492] mei 0000:00:16.0: setting latency timer to 64
 [    3.500241] wmi: Mapper loaded
 [    3.504082] sony_laptop: Sony Notebook Control Driver v0.6
 [    3.541854] cfg80211: Calling CRDA to update world regulatory domain
 [    3.547705] Bluetooth: Core ver 2.16
 [    3.547733] NET: Registered protocol family 31
 [    3.547734] Bluetooth: HCI device and connection manager initialized
 [    3.547737] Bluetooth: HCI socket layer initialized
 [    3.547739] Bluetooth: L2CAP socket layer initialized
 [    3.555811] Bluetooth: SCO socket layer initialized
 [    3.556682] Bluetooth: Generic Bluetooth USB driver ver 0.6
 [    3.557849] usbcore: registered new interface driver btusb
 [    3.603403] intel ips 0000:00:1f.6: CPU TDP doesn't match expected value (found 25, expected 29)
 [    3.603426] intel ips 0000:00:1f.6: PCI INT A -> GSI 21 (level, low) -> IRQ 21
 [    3.603469] intel ips 0000:00:1f.6: failed to get i915 symbols, graphics turbo disabled
 [    3.608239] intel ips 0000:00:1f.6: IPS driver initialized, MCP temp limit 90
 [    3.643383] nvidia: module license 'NVIDIA' taints kernel.
 [    3.643388] Disabling lock debugging due to kernel taint
 [    3.678139] sony_laptop: Invalid SN06 return object 0x01
 [    3.678203] input: Sony Vaio Keys as /devices/LNXSYSTM:00/device:00/PNP0A08:00/device:10/SNY5001:00/input/input4
 [    3.678310] input: Sony Vaio Jogdial as /devices/virtual/input/input5
 [    3.678417] [Firmware Bug]: ACPI: No _BQC method, cannot determine initial brightness
 [    3.678520] sony_laptop: brightness ignored, must be controlled by ACPI video driver
 [    3.736075] iwlagn: Intel(R) Wireless WiFi Link AGN driver for Linux, in-tree:
 [    3.736079] iwlagn: Copyright(c) 2003-2011 Intel Corporation
 [    3.736161] iwlagn 0000:02:00.0: PCI INT A -> GSI 16 (level, low) -> IRQ 16
 [    3.736169] iwlagn 0000:02:00.0: setting latency timer to 64
 [    3.736234] iwlagn 0000:02:00.0: Detected Intel(R) Centrino(R) Advanced-N 6200 AGN, REV=0x74
 [    3.738413] HDA Intel 0000:00:1b.0: PCI INT A -> GSI 22 (level, low) -> IRQ 22
 [    3.738417] hda_intel: position_fix set to 1 for device 104d:9069
 [    3.738489] HDA Intel 0000:00:1b.0: irq 43 for MSI/MSI-X
 [    3.738517] HDA Intel 0000:00:1b.0: setting latency timer to 64
 [    3.739805] cfg80211: World regulatory domain updated:
 [    3.739808] cfg80211:     (start_freq - end_freq @ bandwidth), (max_antenna_gain, max_eirp)
 [    3.739810] cfg80211:     (2402000 KHz - 2472000 KHz @ 40000 KHz), (300 mBi, 2000 mBm)
 [    3.739813] cfg80211:     (2457000 KHz - 2482000 KHz @ 20000 KHz), (300 mBi, 2000 mBm)
 [    3.739815] cfg80211:     (2474000 KHz - 2494000 KHz @ 20000 KHz), (300 mBi, 2000 mBm)
 [    3.739818] cfg80211:     (5170000 KHz - 5250000 KHz @ 40000 KHz), (300 mBi, 2000 mBm)
 [    3.739821] cfg80211:     (5735000 KHz - 5835000 KHz @ 40000 KHz), (300 mBi, 2000 mBm)
 [    3.750762] iwlagn 0000:02:00.0: device EEPROM VER=0x436, CALIB=0x6
 [    3.750766] iwlagn 0000:02:00.0: Device SKU: 0Xb
 [    3.751241] iwlagn 0000:02:00.0: Tunable channels: 13 802.11bg, 24 802.11a channels
 [    3.751314] iwlagn 0000:02:00.0: irq 44 for MSI/MSI-X
 [    3.790614] [Firmware Bug]: ACPI(IGPU) defines _DOD but not _DOS
 [    3.831616] iwlagn 0000:02:00.0: loaded firmware version 9.221.4.1 build 25532
 [    3.831835] Registered led device: phy0-led
 [    3.831860] cfg80211: Ignoring regulatory request Set by core since the driver uses its own custom regulatory domain 
 [    3.835334] Linux video capture interface: v2.00
 [    3.919137] acpi device:0b: registered as cooling_device4
 [    3.919216] input: Video Bus as /devices/LNXSYSTM:00/device:00/PNP0A08:00/device:09/LNXVIDEO:01/input/input6
 [    3.919283] ACPI: Video Device [IGPU] (multi-head: yes  rom: no  post: no)
 [    3.976975] nvidia 0000:01:00.0: PCI INT A -> GSI 16 (level, low) -> IRQ 16
 [    3.976989] nvidia 0000:01:00.0: setting latency timer to 64
 [    3.976994] vgaarb: device changed decodes: PCI:0000:01:00.0,olddecodes=io+mem,decodes=none:owns=io+mem
 [    3.977177] NVRM: loading NVIDIA UNIX x86_64 Kernel Module  280.13  Wed Jul 27 16:53:56 PDT 2011
 [    3.979237] hda_codec: ALC275: BIOS auto-probing.
 [    3.983456] input: HDA Intel Mic as /devices/pci0000:00/0000:00:1b.0/sound/card0/input7
 [    3.983533] input: HDA Intel Headphone as /devices/pci0000:00/0000:00:1b.0/sound/card0/input8
 [    3.983697] HDA Intel 0000:01:00.1: PCI INT B -> GSI 17 (level, low) -> IRQ 17
 [    3.983701] hda_intel: Disabling MSI
 [    3.983703] hda_intel: position_fix set to 1 for device 104d:9069
 [    3.983763] HDA Intel 0000:01:00.1: setting latency timer to 64
 [    3.985550] type=1400 audit(1323376071.375:2): apparmor="STATUS" operation="profile_load" name="/sbin/dhclient" pid=741 comm="apparmor_parser"
 [    3.985903] type=1400 audit(1323376071.375:3): apparmor="STATUS" operation="profile_load" name="/usr/lib/NetworkManager/nm-dhcp-client.action" pid=741 comm="apparmor_parser"
 [    3.986161] type=1400 audit(1323376071.375:4): apparmor="STATUS" operation="profile_load" name="/usr/lib/connman/scripts/dhclient-script" pid=741 comm="apparmor_parser"
 [    3.986340] uvcvideo: Found UVC 1.00 device <unnamed> (05ca:18b7)
 [    3.988210] input: UVC Camera (05ca:18b7) as /devices/pci0000:00/0000:00:1a.0/usb1/1-1/1-1.2/1-1.2:1.0/input/input9
 [    3.988295] usbcore: registered new interface driver uvcvideo
 [    3.988297] USB Video Class driver (v1.1.0)
 [    3.990200] udevd[461]: renamed network interface eth0 to eth1
 [    3.991369] ieee80211 phy0: Selected rate control algorithm 'iwl-agn-rs'
 [    4.029835] udevd[463]: renamed network interface wlan0 to wlan1
 [    4.117843] init: failsafe main process (832) killed by TERM signal
 [    4.229707] type=1400 audit(1323376071.619:5): apparmor="STATUS" operation="profile_replace" name="/sbin/dhclient" pid=920 comm="apparmor_parser"
 [    4.230168] type=1400 audit(1323376071.619:6): apparmor="STATUS" operation="profile_replace" name="/usr/lib/NetworkManager/nm-dhcp-client.action" pid=920 comm="apparmor_parser"
 [    4.230379] type=1400 audit(1323376071.619:7): apparmor="STATUS" operation="profile_replace" name="/usr/lib/connman/scripts/dhclient-script" pid=920 comm="apparmor_parser"
 [    4.230758] type=1400 audit(1323376071.619:8): apparmor="STATUS" operation="profile_load" name="/usr/lib/lightdm/lightdm-guest-session-wrapper" pid=919 comm="apparmor_parser"
 [    4.233102] type=1400 audit(1323376071.623:9): apparmor="STATUS" operation="profile_load" name="/usr/sbin/tcpdump" pid=925 comm="apparmor_parser"
 [    4.233511] type=1400 audit(1323376071.623:10): apparmor="STATUS" operation="profile_load" name="/usr/lib/telepathy/mission-control-5" pid=923 comm="apparmor_parser"
 [    4.261625] Synaptics Touchpad, model: 1, fw: 7.4, id: 0x1c0b1, caps: 0xd04773/0xa40000/0xa0400
 [    4.296321] input: SynPS/2 Synaptics TouchPad as /devices/platform/i8042/serio1/input/input10
 [    4.327227] init: apport pre-start process (964) terminated with status 1
 [    4.333162] init: apport post-stop process (983) terminated with status 1
]
test: __info__ info/dmi_attachment
failure: __info__ info/dmi_attachment [
 /sys/class/dmi/id/uevent:MODALIAS=dmi:bvnINSYDE:bvrR0290Q3:bd05/12/2010:svnSonyCorporation:pnVPCS11J7E:pvrC1041Z3U:rvnSonyCorporation:rnVAIO:rvrN/A:cvnSonyCorporation:ct10:cvrN/A:
 /sys/class/dmi/id/bios_vendor:INSYDE
 /sys/class/dmi/id/bios_version:R0290Q3
 /sys/class/dmi/id/bios_date:05/12/2010
 /sys/class/dmi/id/sys_vendor:Sony Corporation
 /sys/class/dmi/id/product_name:VPCS11J7E
 /sys/class/dmi/id/product_version:C1041Z3U
 /sys/class/dmi/id/board_vendor:Sony Corporation
 /sys/class/dmi/id/board_name:VAIO
 /sys/class/dmi/id/board_version:N/A
 /sys/class/dmi/id/board_asset_tag:N/A
 /sys/class/dmi/id/chassis_vendor:Sony Corporation
 /sys/class/dmi/id/chassis_type:10
 /sys/class/dmi/id/chassis_version:N/A
 /sys/class/dmi/id/chassis_asset_tag:N/A
 /sys/class/dmi/id/modalias:dmi:bvnINSYDE:bvrR0290Q3:bd05/12/2010:svnSonyCorporation:pnVPCS11J7E:pvrC1041Z3U:rvnSonyCorporation:rnVAIO:rvrN/A:cvnSonyCorporation:ct10:cvrN/A:
 /sys/class/dmi/id/power/async:disabled
 /sys/class/dmi/id/power/runtime_status:unsupported
 /sys/class/dmi/id/power/runtime_usage:0
 /sys/class/dmi/id/power/runtime_active_kids:0
 /sys/class/dmi/id/power/runtime_enabled:disabled
 /sys/class/dmi/id/power/control:auto
 /sys/class/dmi/id/power/runtime_suspended_time:0
 /sys/class/dmi/id/power/runtime_active_time:0
]
test: __info__ info/dmidecode_attachment
success: __info__ info/dmidecode_attachment [
 # dmidecode 2.9
 SMBIOS 2.6 present.
 18 structures occupying 722 bytes.
 Table at 0x000E92D0.
 
 Handle 0x0000, DMI type 0, 24 bytes
 BIOS Information
 	Vendor: INSYDE
 	Version: R0290Q3
 	Release Date: 05/12/2010
 	ROM Size: 2048 kB
 	Characteristics:
 		PCI is supported
 		PNP is supported
 		BIOS is upgradeable
 		BIOS shadowing is allowed
 		Boot from CD is supported
 		Selectable boot is supported
 		EDD is supported
 		8042 keyboard services are supported (int 9h)
 		CGA/mono video services are supported (int 10h)
 		ACPI is supported
 		USB legacy is supported
 		Smart battery is supported
 		BIOS boot specification is supported
 		Function key-initiated network boot is supported
 		Targeted content distribution is supported
 	BIOS Revision: 2.90
 	Firmware Revision: 2.90
 
 Handle 0x0001, DMI type 1, 27 bytes
 System Information
 	Manufacturer: Sony Corporation
 	Product Name: VPCS11J7E
 	Version: C1041Z3U
 	Serial Number: 54011782-1000158
 	UUID: 600A2E01-C1DD-DE11-83C9-0024BEEC4796
 	Wake-up Type: Power Switch
 	SKU Number: N/A
 	Family: VAIO
 
 Handle 0x0002, DMI type 2, 10 bytes
 Base Board Information
 	Manufacturer: Sony Corporation
 	Product Name: VAIO
 	Version: N/A
 	Serial Number: C1041Z3U
 
 Handle 0x0003, DMI type 3, 17 bytes
 Chassis Information
 	Manufacturer: Sony Corporation
 	Type: Notebook
 	Lock: Not Present
 	Version: N/A
 	Serial Number: N/A
 	Asset Tag: N/A
 	Boot-up State: Safe
 	Power Supply State: Safe
 	Thermal State: Safe
 	Security Status: None
 	OEM Information: 0x00000000
 
 Handle 0x0004, DMI type 11, 5 bytes
 OEM Strings
 	String 1: 0000061578B
 	String 2: FNC-EXTB
 	String 3: 969H317HxwMxEn7dfQMx6QUkfPdeWPqU@bkpiHxwMbkn7lhwMx
 	String 4: Reserved
 	String 5: 6.0.0.1184
 
 Handle 0x0005, DMI type 32, 20 bytes
 System Boot Information
 	Status: No errors detected
 
 Handle 0x0006, DMI type 136, 6 bytes
 OEM-specific Type
 	Header and Data:
 		88 06 06 00 06 12
 
 Handle 0x0007, DMI type 16, 15 bytes
 Physical Memory Array
 	Location: System Board Or Motherboard
 	Use: System Memory
 	Error Correction Type: None
 	Maximum Capacity: 2048 GB
 	Error Information Handle: Not Provided
 	Number Of Devices: 2
 
 Handle 0x0008, DMI type 17, 21 bytes
 Memory Device
 	Array Handle: 0x0007
 	Error Information Handle: Not Provided
 	Total Width: 64 bits
 	Data Width: 64 bits
 	Size: 2048 MB
 	Form Factor: SODIMM
 	Set: None
 	Locator: SODIMM1
 	Bank Locator: Bank 0
 	Type: <OUT OF SPEC>
 	Type Detail: Unknown
 
 Handle 0x0009, DMI type 20, 19 bytes
 Memory Device Mapped Address
 	Starting Address: 0x00000000000
 	Ending Address: 0x0007FFFFFFF
 	Range Size: 2 GB
 	Physical Device Handle: 0x0008
 	Memory Array Mapped Address Handle: 0x000C
 	Partition Row Position: Unknown
 	Interleave Position: Unknown
 	Interleaved Data Depth: Unknown
 
 Handle 0x000A, DMI type 17, 21 bytes
 Memory Device
 	Array Handle: 0x0007
 	Error Information Handle: Not Provided
 	Total Width: 64 bits
 	Data Width: 64 bits
 	Size: 4096 MB
 	Form Factor: SODIMM
 	Set: None
 	Locator: SODIMM2
 	Bank Locator: Bank 1
 	Type: <OUT OF SPEC>
 	Type Detail: Unknown
 
 Handle 0x000B, DMI type 20, 19 bytes
 Memory Device Mapped Address
 	Starting Address: 0x00080000000
 	Ending Address: 0x0017FFFFFFF
 	Range Size: 4 GB
 	Physical Device Handle: 0x000A
 	Memory Array Mapped Address Handle: 0x000C
 	Partition Row Position: Unknown
 	Interleave Position: Unknown
 	Interleaved Data Depth: Unknown
 
 Handle 0x000C, DMI type 19, 15 bytes
 Memory Array Mapped Address
 	Starting Address: 0x00000000000
 	Ending Address: 0x0017FFFFFFF
 	Range Size: 6 GB
 	Physical Array Handle: 0x0007
 	Partition Width: 0
 
 Handle 0x000D, DMI type 4, 35 bytes
 Processor Information
 	Socket Designation: N/A
 	Type: Central Processor
 	Family: <OUT OF SPEC>
 	Manufacturer: GenuineIntel
 	ID: 52 06 02 00 FF FB EB BF
 	Version: Intel(R) Core(TM) i5 CPU       M 520  @ 2.40GHz
 	Voltage: 1.5 V
 	External Clock: 133 MHz
 	Max Speed: 2400 MHz
 	Current Speed: 2400 MHz
 	Status: Populated, Enabled
 	Upgrade: None
 	L1 Cache Handle: 0x0010
 	L2 Cache Handle: 0x000F
 	L3 Cache Handle: 0x000E
 	Serial Number: N/A
 	Asset Tag: N/A
 	Part Number: N/A
 
 Handle 0x000E, DMI type 7, 19 bytes
 Cache Information
 	Socket Designation: L3 Cache
 	Configuration: Enabled, Socketed, Level 3
 	Operational Mode: Write Through
 	Location: Internal
 	Installed Size: 3072 KB
 	Maximum Size: 3072 KB
 	Supported SRAM Types:
 		Synchronous
 	Installed SRAM Type: Synchronous
 	Speed: Unknown
 	Error Correction Type: Single-bit ECC
 	System Type: Unified
 	Associativity: <OUT OF SPEC>
 
 Handle 0x000F, DMI type 7, 19 bytes
 Cache Information
 	Socket Designation: L2 Cache
 	Configuration: Enabled, Socketed, Level 2
 	Operational Mode: Write Through
 	Location: Internal
 	Installed Size: 512 KB
 	Maximum Size: 512 KB
 	Supported SRAM Types:
 		Synchronous
 	Installed SRAM Type: Synchronous
 	Speed: Unknown
 	Error Correction Type: Single-bit ECC
 	System Type: Unified
 	Associativity: 8-way Set-associative
 
 Handle 0x0010, DMI type 7, 19 bytes
 Cache Information
 	Socket Designation: L1 Cache
 	Configuration: Enabled, Socketed, Level 1
 	Operational Mode: Write Through
 	Location: Internal
 	Installed Size: 128 KB
 	Maximum Size: 128 KB
 	Supported SRAM Types:
 		Synchronous
 	Installed SRAM Type: Synchronous
 	Speed: Unknown
 	Error Correction Type: Single-bit ECC
 	System Type: Other
 	Associativity: Other
 
 Handle 0x0011, DMI type 127, 4 bytes
 End Of Table
]
test: __info__ info/lspci_attachment
success: __info__ info/lspci_attachment [
 00:00.0 Host bridge [0600]: Intel Corporation Core Processor DRAM Controller [8086:0044] (rev 02)
 	Subsystem: Sony Corporation Device [104d:9069]
 	Control: I/O- Mem+ BusMaster+ SpecCycle- MemWINV- VGASnoop- ParErr- Stepping- SERR- FastB2B- DisINTx-
 	Status: Cap+ 66MHz- UDF- FastB2B+ ParErr- DEVSEL=fast >TAbort- <TAbort- <MAbort+ >SERR- <PERR- INTx-
 	Latency: 0
 	Capabilities: <access denied>
 
 00:01.0 PCI bridge [0604]: Intel Corporation Core Processor PCI Express x16 Root Port [8086:0045] (rev 02) (prog-if 00 [Normal decode])
 	Control: I/O+ Mem+ BusMaster+ SpecCycle- MemWINV- VGASnoop- ParErr- Stepping- SERR- FastB2B- DisINTx+
 	Status: Cap+ 66MHz- UDF- FastB2B- ParErr- DEVSEL=fast >TAbort- <TAbort- <MAbort- >SERR- <PERR- INTx-
 	Latency: 0, Cache Line Size: 64 bytes
 	Bus: primary=00, secondary=01, subordinate=01, sec-latency=0
 	I/O behind bridge: 00007000-00007fff
 	Memory behind bridge: d2000000-d30fffff
 	Prefetchable memory behind bridge: 00000000c0000000-00000000d1ffffff
 	Secondary status: 66MHz- FastB2B- ParErr- DEVSEL=fast >TAbort- <TAbort- <MAbort+ <SERR- <PERR-
 	BridgeCtl: Parity- SERR- NoISA- VGA+ MAbort- >Reset- FastB2B-
 		PriDiscTmr- SecDiscTmr- DiscTmrStat- DiscTmrSERREn-
 	Capabilities: <access denied>
 	Kernel driver in use: pcieport
 	Kernel modules: shpchp
 
 00:16.0 Communication controller [0780]: Intel Corporation 5 Series/3400 Series Chipset HECI Controller [8086:3b64] (rev 06)
 	Subsystem: Sony Corporation Device [104d:9069]
 	Control: I/O- Mem+ BusMaster+ SpecCycle- MemWINV- VGASnoop- ParErr- Stepping- SERR- FastB2B- DisINTx-
 	Status: Cap+ 66MHz- UDF- FastB2B- ParErr- DEVSEL=fast >TAbort- <TAbort- <MAbort- >SERR- <PERR- INTx-
 	Latency: 0
 	Interrupt: pin A routed to IRQ 16
 	Region 0: Memory at de106100 (64-bit, non-prefetchable) [size=16]
 	Capabilities: <access denied>
 	Kernel driver in use: mei
 	Kernel modules: mei
 
 00:1a.0 USB Controller [0c03]: Intel Corporation 5 Series/3400 Series Chipset USB2 Enhanced Host Controller [8086:3b3c] (rev 05) (prog-if 20 [EHCI])
 	Subsystem: Sony Corporation Device [104d:9069]
 	Control: I/O- Mem+ BusMaster+ SpecCycle- MemWINV- VGASnoop- ParErr- Stepping- SERR- FastB2B- DisINTx-
 	Status: Cap+ 66MHz- UDF- FastB2B+ ParErr- DEVSEL=medium >TAbort- <TAbort- <MAbort- >SERR- <PERR- INTx-
 	Latency: 0
 	Interrupt: pin A routed to IRQ 16
 	Region 0: Memory at de105c00 (32-bit, non-prefetchable) [size=1K]
 	Capabilities: <access denied>
 	Kernel driver in use: ehci_hcd
 
 00:1b.0 Audio device [0403]: Intel Corporation 5 Series/3400 Series Chipset High Definition Audio [8086:3b56] (rev 05)
 	Subsystem: Sony Corporation Device [104d:9069]
 	Control: I/O- Mem+ BusMaster+ SpecCycle- MemWINV- VGASnoop- ParErr- Stepping- SERR- FastB2B- DisINTx+
 	Status: Cap+ 66MHz- UDF- FastB2B- ParErr- DEVSEL=fast >TAbort- <TAbort- <MAbort- >SERR- <PERR- INTx-
 	Latency: 0, Cache Line Size: 64 bytes
 	Interrupt: pin A routed to IRQ 42
 	Region 0: Memory at de100000 (64-bit, non-prefetchable) [size=16K]
 	Capabilities: <access denied>
 	Kernel driver in use: HDA Intel
 	Kernel modules: snd-hda-intel
 
 00:1c.0 PCI bridge [0604]: Intel Corporation 5 Series/3400 Series Chipset PCI Express Root Port 1 [8086:3b42] (rev 05) (prog-if 00 [Normal decode])
 	Control: I/O+ Mem+ BusMaster+ SpecCycle- MemWINV- VGASnoop- ParErr- Stepping- SERR- FastB2B- DisINTx-
 	Status: Cap+ 66MHz- UDF- FastB2B- ParErr- DEVSEL=fast >TAbort- <TAbort- <MAbort- >SERR- <PERR- INTx-
 	Latency: 0, Cache Line Size: 64 bytes
 	Bus: primary=00, secondary=02, subordinate=02, sec-latency=0
 	I/O behind bridge: 00006000-00006fff
 	Memory behind bridge: dd100000-de0fffff
 	Prefetchable memory behind bridge: 00000000d3100000-00000000d40fffff
 	Secondary status: 66MHz- FastB2B- ParErr- DEVSEL=fast >TAbort- <TAbort- <MAbort+ <SERR- <PERR-
 	BridgeCtl: Parity- SERR- NoISA- VGA- MAbort- >Reset- FastB2B-
 		PriDiscTmr- SecDiscTmr- DiscTmrStat- DiscTmrSERREn-
 	Capabilities: <access denied>
 	Kernel driver in use: pcieport
 	Kernel modules: shpchp
 
 00:1c.1 PCI bridge [0604]: Intel Corporation 5 Series/3400 Series Chipset PCI Express Root Port 2 [8086:3b44] (rev 05) (prog-if 00 [Normal decode])
 	Control: I/O+ Mem+ BusMaster+ SpecCycle- MemWINV- VGASnoop- ParErr- Stepping- SERR- FastB2B- DisINTx-
 	Status: Cap+ 66MHz- UDF- FastB2B- ParErr- DEVSEL=fast >TAbort- <TAbort- <MAbort- >SERR- <PERR- INTx-
 	Latency: 0, Cache Line Size: 64 bytes
 	Bus: primary=00, secondary=03, subordinate=03, sec-latency=0
 	I/O behind bridge: 00005000-00005fff
 	Memory behind bridge: dc100000-dd0fffff
 	Prefetchable memory behind bridge: 00000000d4100000-00000000d50fffff
 	Secondary status: 66MHz- FastB2B- ParErr- DEVSEL=fast >TAbort- <TAbort- <MAbort+ <SERR- <PERR-
 	BridgeCtl: Parity- SERR- NoISA- VGA- MAbort- >Reset- FastB2B-
 		PriDiscTmr- SecDiscTmr- DiscTmrStat- DiscTmrSERREn-
 	Capabilities: <access denied>
 	Kernel driver in use: pcieport
 	Kernel modules: shpchp
 
 00:1c.2 PCI bridge [0604]: Intel Corporation 5 Series/3400 Series Chipset PCI Express Root Port 3 [8086:3b46] (rev 05) (prog-if 00 [Normal decode])
 	Control: I/O+ Mem+ BusMaster+ SpecCycle- MemWINV- VGASnoop- ParErr- Stepping- SERR- FastB2B- DisINTx-
 	Status: Cap+ 66MHz- UDF- FastB2B- ParErr- DEVSEL=fast >TAbort- <TAbort- <MAbort- >SERR- <PERR- INTx-
 	Latency: 0, Cache Line Size: 64 bytes
 	Bus: primary=00, secondary=04, subordinate=04, sec-latency=0
 	I/O behind bridge: 00004000-00004fff
 	Memory behind bridge: db100000-dc0fffff
 	Prefetchable memory behind bridge: 00000000d5100000-00000000d60fffff
 	Secondary status: 66MHz- FastB2B- ParErr- DEVSEL=fast >TAbort- <TAbort- <MAbort- <SERR- <PERR-
 	BridgeCtl: Parity- SERR- NoISA- VGA- MAbort- >Reset- FastB2B-
 		PriDiscTmr- SecDiscTmr- DiscTmrStat- DiscTmrSERREn-
 	Capabilities: <access denied>
 	Kernel driver in use: pcieport
 	Kernel modules: shpchp
 
 00:1c.3 PCI bridge [0604]: Intel Corporation 5 Series/3400 Series Chipset PCI Express Root Port 4 [8086:3b48] (rev 05) (prog-if 00 [Normal decode])
 	Control: I/O+ Mem+ BusMaster+ SpecCycle- MemWINV- VGASnoop- ParErr- Stepping- SERR- FastB2B- DisINTx-
 	Status: Cap+ 66MHz- UDF- FastB2B- ParErr- DEVSEL=fast >TAbort- <TAbort- <MAbort- >SERR- <PERR- INTx-
 	Latency: 0, Cache Line Size: 64 bytes
 	Bus: primary=00, secondary=05, subordinate=05, sec-latency=0
 	I/O behind bridge: 00003000-00003fff
 	Memory behind bridge: da100000-db0fffff
 	Prefetchable memory behind bridge: 00000000d6100000-00000000d70fffff
 	Secondary status: 66MHz- FastB2B- ParErr- DEVSEL=fast >TAbort- <TAbort- <MAbort+ <SERR- <PERR-
 	BridgeCtl: Parity- SERR- NoISA- VGA- MAbort- >Reset- FastB2B-
 		PriDiscTmr- SecDiscTmr- DiscTmrStat- DiscTmrSERREn-
 	Capabilities: <access denied>
 	Kernel driver in use: pcieport
 	Kernel modules: shpchp
 
 00:1c.4 PCI bridge [0604]: Intel Corporation 5 Series/3400 Series Chipset PCI Express Root Port 5 [8086:3b4a] (rev 05) (prog-if 00 [Normal decode])
 	Control: I/O+ Mem+ BusMaster+ SpecCycle- MemWINV- VGASnoop- ParErr- Stepping- SERR- FastB2B- DisINTx-
 	Status: Cap+ 66MHz- UDF- FastB2B- ParErr- DEVSEL=fast >TAbort- <TAbort- <MAbort- >SERR- <PERR- INTx-
 	Latency: 0, Cache Line Size: 64 bytes
 	Bus: primary=00, secondary=06, subordinate=0d, sec-latency=0
 	I/O behind bridge: 00002000-00002fff
 	Memory behind bridge: d8100000-da0fffff
 	Prefetchable memory behind bridge: 00000000d7100000-00000000d80fffff
 	Secondary status: 66MHz- FastB2B- ParErr- DEVSEL=fast >TAbort- <TAbort- <MAbort+ <SERR- <PERR-
 	BridgeCtl: Parity- SERR- NoISA- VGA- MAbort- >Reset- FastB2B-
 		PriDiscTmr- SecDiscTmr- DiscTmrStat- DiscTmrSERREn-
 	Capabilities: <access denied>
 	Kernel driver in use: pcieport
 	Kernel modules: shpchp
 
 00:1d.0 USB Controller [0c03]: Intel Corporation 5 Series/3400 Series Chipset USB2 Enhanced Host Controller [8086:3b34] (rev 05) (prog-if 20 [EHCI])
 	Subsystem: Sony Corporation Device [104d:9069]
 	Control: I/O- Mem+ BusMaster+ SpecCycle- MemWINV- VGASnoop- ParErr- Stepping- SERR- FastB2B- DisINTx-
 	Status: Cap+ 66MHz- UDF- FastB2B+ ParErr- DEVSEL=medium >TAbort- <TAbort- <MAbort- >SERR- <PERR- INTx-
 	Latency: 0
